[srbthemes.kcubeinfotech.com/evohus/html/index.html]
[backblue.gif]
[fade.gif]
[index.html]
[srbthemes.kcubeinfotech.com/evohus/html/assets/images/favicon.ico]
[srbthemes.kcubeinfotech.com/evohus/html/assets/js/src/index.js]
[srbthemes.kcubeinfotech.com/evohus/html/assets/admin.bundle-CEbNEZ37.js]
[srbthemes.kcubeinfotech.com/evohus/html/assets/swiper-bundle-EE6_k-Kw.js]
[srbthemes.kcubeinfotech.com/evohus/html/assets/apexcharts.esm-B_m6KPN7.js]
[srbthemes.kcubeinfotech.com/evohus/html/assets/main-O_SKZbQk.js]
[srbthemes.kcubeinfotech.com/evohus/html/assets/images/main-logo.png]
[srbthemes.kcubeinfotech.com/evohus/html/assets/images/logo-white.png]
[srbthemes.kcubeinfotech.com/evohus/html/assets/images/user-2.png]
[srbthemes.kcubeinfotech.com/evohus/html/assets/images/user-3.png]
[srbthemes.kcubeinfotech.com/evohus/html/assets/images/user-5.png]
[srbthemes.kcubeinfotech.com/evohus/html/assets/images/user-7.png]
[srbthemes.kcubeinfotech.com/evohus/html/assets/images/user-44.png]
[srbthemes.kcubeinfotech.com/evohus/html/pages-user-activity.html]
[srbthemes.kcubeinfotech.com/evohus/html/pages-account-settings.html]
[srbthemes.kcubeinfotech.com/evohus/html/pages-help-center.html]
[srbthemes.kcubeinfotech.com/evohus/html/auth-signin-basic.html]
[srbthemes.kcubeinfotech.com/evohus/html/assets/images/logo-sm.png]
[srbthemes.kcubeinfotech.com/evohus/html/pages-user-projects.html]
[srbthemes.kcubeinfotech.com/evohus/html/pages-pricing.html]
[srbthemes.kcubeinfotech.com/evohus/html/dashboard-customer.html]
[srbthemes.kcubeinfotech.com/evohus/html/dashboard-agents.html]
[srbthemes.kcubeinfotech.com/evohus/html/apps-chat-default.html]
[srbthemes.kcubeinfotech.com/evohus/html/dashboard-analytics.html]
[srbthemes.kcubeinfotech.com/evohus/html/apps-chat-group.html]
[srbthemes.kcubeinfotech.com/evohus/html/apps-chat-group-video.html]
[srbthemes.kcubeinfotech.com/evohus/html/apps-calendar-default.html]
[srbthemes.kcubeinfotech.com/evohus/html/apps-calendar-weeknumber.html]
[srbthemes.kcubeinfotech.com/evohus/html/apps-calendar-localize.html]
[srbthemes.kcubeinfotech.com/evohus/html/apps-calendar-dayview.html]
[srbthemes.kcubeinfotech.com/evohus/html/apps-calendar-listview.html]
[srbthemes.kcubeinfotech.com/evohus/html/apps-calendar-timegrid.html]
[srbthemes.kcubeinfotech.com/evohus/html/apps-calendar-multi-month-stack.html]
[srbthemes.kcubeinfotech.com/evohus/html/apps-calendar-multi-month-grid.html]
[srbthemes.kcubeinfotech.com/evohus/html/apps-calendar-timeline.html]
[srbthemes.kcubeinfotech.com/evohus/html/apps-calendar-date-nav-link.html]
[srbthemes.kcubeinfotech.com/evohus/html/apps-calendar-date-clicking.html]
[srbthemes.kcubeinfotech.com/evohus/html/apps-mailbox.html]
[srbthemes.kcubeinfotech.com/evohus/html/apps-email-templates-welcome.html]
[srbthemes.kcubeinfotech.com/evohus/html/apps-email-templates-newsletter.html]
[srbthemes.kcubeinfotech.com/evohus/html/apps-review.html]
[srbthemes.kcubeinfotech.com/evohus/html/apps-property-listview.html]
[srbthemes.kcubeinfotech.com/evohus/html/apps-property-gridview.html]
[srbthemes.kcubeinfotech.com/evohus/html/apps-property-add.html]
[srbthemes.kcubeinfotech.com/evohus/html/apps-property-details.html]
[srbthemes.kcubeinfotech.com/evohus/html/apps-property-categories.html]
[srbthemes.kcubeinfotech.com/evohus/html/apps-customer-listview.html]
[srbthemes.kcubeinfotech.com/evohus/html/apps-customer-details.html]
[srbthemes.kcubeinfotech.com/evohus/html/apps-contact-requests.html]
[srbthemes.kcubeinfotech.com/evohus/html/apps-agents-listview.html]
[srbthemes.kcubeinfotech.com/evohus/html/apps-agents-add.html]
[srbthemes.kcubeinfotech.com/evohus/html/apps-agents-profile.html]
[srbthemes.kcubeinfotech.com/evohus/html/apps-agencies-listview.html]
[srbthemes.kcubeinfotech.com/evohus/html/apps-transictions-listview.html]
[srbthemes.kcubeinfotech.com/evohus/html/apps-transictions-add.html]
[srbthemes.kcubeinfotech.com/evohus/html/apps-invoice-listview.html]
[srbthemes.kcubeinfotech.com/evohus/html/apps-invoices-add.html]
[srbthemes.kcubeinfotech.com/evohus/html/apps-tracking.html]
[srbthemes.kcubeinfotech.com/evohus/html/apps-revenue-report.html]
[srbthemes.kcubeinfotech.com/evohus/html/apps-booking.html]
[srbthemes.kcubeinfotech.com/evohus/html/apps-schedule.html]
[srbthemes.kcubeinfotech.com/evohus/html/auth-signin-modern.html]
[srbthemes.kcubeinfotech.com/evohus/html/auth-signin-creative.html]
[srbthemes.kcubeinfotech.com/evohus/html/auth-signup-basic.html]
[srbthemes.kcubeinfotech.com/evohus/html/auth-signup-modern.html]
[srbthemes.kcubeinfotech.com/evohus/html/auth-signup-creative.html]
[srbthemes.kcubeinfotech.com/evohus/html/auth-forgot-password-basic.html]
[srbthemes.kcubeinfotech.com/evohus/html/auth-forgot-password-modern.html]
[srbthemes.kcubeinfotech.com/evohus/html/auth-forgot-password-creative.html]
[srbthemes.kcubeinfotech.com/evohus/html/auth-two-step-verification-basic.html]
[srbthemes.kcubeinfotech.com/evohus/html/auth-two-step-verification-modern.html]
[srbthemes.kcubeinfotech.com/evohus/html/auth-two-step-verification-creative.html]
[srbthemes.kcubeinfotech.com/evohus/html/auth-reset-password-basic.html]
[srbthemes.kcubeinfotech.com/evohus/html/auth-reset-password-modern.html]
[srbthemes.kcubeinfotech.com/evohus/html/auth-reset-password-creative.html]
[srbthemes.kcubeinfotech.com/evohus/html/auth-successful-password-basic.html]
[srbthemes.kcubeinfotech.com/evohus/html/auth-successful-password-modern.html]
[srbthemes.kcubeinfotech.com/evohus/html/auth-successful-password-creative.html]
[srbthemes.kcubeinfotech.com/evohus/html/auth-account-deactivation-basic.html]
[srbthemes.kcubeinfotech.com/evohus/html/auth-account-deactivation-modern.html]
[srbthemes.kcubeinfotech.com/evohus/html/auth-account-deactivation-creative.html]
[srbthemes.kcubeinfotech.com/evohus/html/pages-starter.html]
[srbthemes.kcubeinfotech.com/evohus/html/pages-account-security.html]
[srbthemes.kcubeinfotech.com/evohus/html/pages-account-billing-plan.html]
[srbthemes.kcubeinfotech.com/evohus/html/pages-account-notification.html]
[srbthemes.kcubeinfotech.com/evohus/html/pages-account-statements.html]
[srbthemes.kcubeinfotech.com/evohus/html/pages-account-logs.html]
[srbthemes.kcubeinfotech.com/evohus/html/pages-user.html]
[srbthemes.kcubeinfotech.com/evohus/html/pages-user-followers.html]
[srbthemes.kcubeinfotech.com/evohus/html/pages-user-documents.html]
[srbthemes.kcubeinfotech.com/evohus/html/pages-user-notes.html]
[srbthemes.kcubeinfotech.com/evohus/html/pages-pricing-admin.html]
[srbthemes.kcubeinfotech.com/evohus/html/pages-contact-us.html]
[srbthemes.kcubeinfotech.com/evohus/html/pages-faq.html]
[srbthemes.kcubeinfotech.com/evohus/html/pages-licenses.html]
[srbthemes.kcubeinfotech.com/evohus/html/pages-coming-soon.html]
[srbthemes.kcubeinfotech.com/evohus/html/pages-maintenance.html]
[srbthemes.kcubeinfotech.com/evohus/html/pages-privacy-policy.html]
[srbthemes.kcubeinfotech.com/evohus/html/pages-404.html]
[srbthemes.kcubeinfotech.com/evohus/html/pages-500.html]
[srbthemes.kcubeinfotech.com/evohus/html/widgets-cards.html]
[srbthemes.kcubeinfotech.com/evohus/html/widgets-banners.html]
[srbthemes.kcubeinfotech.com/evohus/html/widgets-charts.html]
[srbthemes.kcubeinfotech.com/evohus/html/widgets-data.html]
[srbthemes.kcubeinfotech.com/evohus/html/ui-alerts.html]
[srbthemes.kcubeinfotech.com/evohus/html/ui-badge.html]
[srbthemes.kcubeinfotech.com/evohus/html/ui-breadcrumb.html]
[srbthemes.kcubeinfotech.com/evohus/html/ui-buttons-group.html]
[srbthemes.kcubeinfotech.com/evohus/html/ui-buttons.html]
[srbthemes.kcubeinfotech.com/evohus/html/ui-button-navigation.html]
[srbthemes.kcubeinfotech.com/evohus/html/ui-dropdown.html]
[srbthemes.kcubeinfotech.com/evohus/html/ui-loader.html]
[srbthemes.kcubeinfotech.com/evohus/html/ui-accordion.html]
[srbthemes.kcubeinfotech.com/evohus/html/ui-modal.html]
[srbthemes.kcubeinfotech.com/evohus/html/ui-links.html]
[srbthemes.kcubeinfotech.com/evohus/html/ui-tabs.html]
[srbthemes.kcubeinfotech.com/evohus/html/ui-drawer.html]
[srbthemes.kcubeinfotech.com/evohus/html/ui-pagination.html]
[srbthemes.kcubeinfotech.com/evohus/html/ui-progress-bar.html]
[srbthemes.kcubeinfotech.com/evohus/html/ui-tooltips.html]
[srbthemes.kcubeinfotech.com/evohus/html/ui-cards.html]
[srbthemes.kcubeinfotech.com/evohus/html/ui-timeline.html]
[srbthemes.kcubeinfotech.com/evohus/html/ui-notification.html]
[srbthemes.kcubeinfotech.com/evohus/html/ui-list-group.html]
[srbthemes.kcubeinfotech.com/evohus/html/ui-cookie.html]
[srbthemes.kcubeinfotech.com/evohus/html/ui-gallery.html]
[srbthemes.kcubeinfotech.com/evohus/html/ui-video.html]
[srbthemes.kcubeinfotech.com/evohus/html/ui-colors.html]
[srbthemes.kcubeinfotech.com/evohus/html/ui-typography.html]
[srbthemes.kcubeinfotech.com/evohus/html/ui-advanced-animation.html]
[srbthemes.kcubeinfotech.com/evohus/html/ui-advanced-sweetalerts.html]
[srbthemes.kcubeinfotech.com/evohus/html/ui-advanced-simplebar.html]
[srbthemes.kcubeinfotech.com/evohus/html/ui-advanced-swiper.html]
[srbthemes.kcubeinfotech.com/evohus/html/ui-advanced-3d-effect.html]
[srbthemes.kcubeinfotech.com/evohus/html/ui-advanced-word-counter.html]
[srbthemes.kcubeinfotech.com/evohus/html/ui-advanced-bot.html]
[srbthemes.kcubeinfotech.com/evohus/html/ui-advanced-image-annotation.html]
[srbthemes.kcubeinfotech.com/evohus/html/ui-advanced-tree.html]
[srbthemes.kcubeinfotech.com/evohus/html/ui-advanced-highlight.html]
[srbthemes.kcubeinfotech.com/evohus/html/ui-advanced-mask.html]
[srbthemes.kcubeinfotech.com/evohus/html/ui-advanced-vis-timeline.html]
[srbthemes.kcubeinfotech.com/evohus/html/icons-lucide.html]
[srbthemes.kcubeinfotech.com/evohus/html/icons-remix.html]
[srbthemes.kcubeinfotech.com/evohus/html/icons-bootstrap.html]
[srbthemes.kcubeinfotech.com/evohus/html/icons-boxicon.html]
[srbthemes.kcubeinfotech.com/evohus/html/icons-line-awesome.html]
[srbthemes.kcubeinfotech.com/evohus/html/form-basic-input.html]
[srbthemes.kcubeinfotech.com/evohus/html/form-input-group.html]
[srbthemes.kcubeinfotech.com/evohus/html/form-file-input.html]
[srbthemes.kcubeinfotech.com/evohus/html/form-select.html]
[srbthemes.kcubeinfotech.com/evohus/html/form-pickers.html]
[srbthemes.kcubeinfotech.com/evohus/html/form-range.html]
[srbthemes.kcubeinfotech.com/evohus/html/form-switches.html]
[srbthemes.kcubeinfotech.com/evohus/html/form-checkbox-radio.html]
[srbthemes.kcubeinfotech.com/evohus/html/form-input-spin.html]
[srbthemes.kcubeinfotech.com/evohus/html/form-recaptcha.html]
[srbthemes.kcubeinfotech.com/evohus/html/form-autosize.html]
[srbthemes.kcubeinfotech.com/evohus/html/form-editors.html]
[srbthemes.kcubeinfotech.com/evohus/html/form-clipboard.html]
[srbthemes.kcubeinfotech.com/evohus/html/form-wizard-basic.html]
[srbthemes.kcubeinfotech.com/evohus/html/table-base.html]
[srbthemes.kcubeinfotech.com/evohus/html/table-grid.html]
[srbthemes.kcubeinfotech.com/evohus/html/table-tabulator.html]
[srbthemes.kcubeinfotech.com/evohus/html/table-datatables-basic.html]
[srbthemes.kcubeinfotech.com/evohus/html/table-datatables-bordered.html]
[srbthemes.kcubeinfotech.com/evohus/html/table-datatables-stripe.html]
[srbthemes.kcubeinfotech.com/evohus/html/table-datatables-hover.html]
[srbthemes.kcubeinfotech.com/evohus/html/table-datatables-row-grouping.html]
[srbthemes.kcubeinfotech.com/evohus/html/table-datatables-enable-disable.html]
[srbthemes.kcubeinfotech.com/evohus/html/apexchart-area.html]
[srbthemes.kcubeinfotech.com/evohus/html/apexchart-bar.html]
[srbthemes.kcubeinfotech.com/evohus/html/apexchart-box-whisker.html]
[srbthemes.kcubeinfotech.com/evohus/html/apexchart-bubble.html]
[srbthemes.kcubeinfotech.com/evohus/html/apexchart-candlestick.html]
[srbthemes.kcubeinfotech.com/evohus/html/apexchart-column.html]
[srbthemes.kcubeinfotech.com/evohus/html/apexchart-funnel.html]
[srbthemes.kcubeinfotech.com/evohus/html/apexchart-heatmap.html]
[srbthemes.kcubeinfotech.com/evohus/html/apexchart-line.html]
[srbthemes.kcubeinfotech.com/evohus/html/apexchart-mixed.html]
[srbthemes.kcubeinfotech.com/evohus/html/apexchart-pie.html]
[srbthemes.kcubeinfotech.com/evohus/html/apexchart-polar-area.html]
[srbthemes.kcubeinfotech.com/evohus/html/apexchart-radar.html]
[srbthemes.kcubeinfotech.com/evohus/html/apexchart-radialbar.html]
[srbthemes.kcubeinfotech.com/evohus/html/apexchart-range-area.html]
[srbthemes.kcubeinfotech.com/evohus/html/apexchart-scatter.html]
[srbthemes.kcubeinfotech.com/evohus/html/apexchart-slope.html]
[srbthemes.kcubeinfotech.com/evohus/html/apexchart-timeline.html]
[srbthemes.kcubeinfotech.com/evohus/html/apexchart-treemap.html]
[srbthemes.kcubeinfotech.com/evohus/html/charts-apexsankey.html]
[srbthemes.kcubeinfotech.com/evohus/html/echart-bar.html]
[srbthemes.kcubeinfotech.com/evohus/html/echart-line.html]
[srbthemes.kcubeinfotech.com/evohus/html/echart-pie.html]
[srbthemes.kcubeinfotech.com/evohus/html/maps-google.html]
[srbthemes.kcubeinfotech.com/evohus/html/maps-vector.html]
[srbthemes.kcubeinfotech.com/evohus/html/assets/images/welcome-vector.png]
[srbthemes.kcubeinfotech.com/evohus/html/assets/images/property-1.jpg]
[srbthemes.kcubeinfotech.com/evohus/html/assets/images/property-2.jpg]
[srbthemes.kcubeinfotech.com/evohus/html/assets/images/property-3.jpg]
[srbthemes.kcubeinfotech.com/evohus/html/assets/images/property-4.jpg]
[srbthemes.kcubeinfotech.com/evohus/html/assets/images/property-5.jpg]
[srbthemes.kcubeinfotech.com/evohus/html/assets/images/property-6.jpg]
[srbthemes.kcubeinfotech.com/evohus/html/assets/images/user-1.png]
[srbthemes.kcubeinfotech.com/evohus/html/assets/images/user-4.png]
[srbthemes.kcubeinfotech.com/evohus/html/assets/images/user-48.png]
[srbthemes.kcubeinfotech.com/evohus/html/assets/images/fire-crackers.png]
[srbthemes.kcubeinfotech.com/evohus/html/assets/images/circular.png]
[srbthemes.kcubeinfotech.com/evohus/html/assets/images/event-1.png]
[srbthemes.kcubeinfotech.com/evohus/html/assets/images/user-8.png]
[srbthemes.kcubeinfotech.com/evohus/html/assets/images/user-10.png]
[srbthemes.kcubeinfotech.com/evohus/html/assets/images/event-2.png]
[srbthemes.kcubeinfotech.com/evohus/html/assets/images/user-9.png]
[srbthemes.kcubeinfotech.com/evohus/html/assets/images/event-3.png]
[srbthemes.kcubeinfotech.com/evohus/html/assets/images/user-13.png]
[srbthemes.kcubeinfotech.com/evohus/html/assets/images/property-17.jpg]
[srbthemes.kcubeinfotech.com/evohus/html/assets/images/property-7.jpg]
[srbthemes.kcubeinfotech.com/evohus/html/assets/images/property-8.jpg]
[srbthemes.kcubeinfotech.com/evohus/html/assets/images/property-19.jpg]
[srbthemes.kcubeinfotech.com/evohus/html/assets/images/property-9.jpg]
[srbthemes.kcubeinfotech.com/evohus/html/index.html]
[srbthemes.kcubeinfotech.com/evohus/html/assets/css/bootstrap.rtl.css]
[srbthemes.kcubeinfotech.com/evohus/html/assets/images/others/arrow-right.png]
[srbthemes.kcubeinfotech.com/evohus/html/assets/images/auth/user-profile.jpg]
[srbthemes.kcubeinfotech.com/evohus/html/assets/images/others/auth.jpg]
[srbthemes.kcubeinfotech.com/evohus/html/assets/images/apps/property-5.jpg]
[srbthemes.kcubeinfotech.com/evohus/html/assets/images/dashboards/main/welcome-bg.png]
[srbthemes.kcubeinfotech.com/evohus/html/assets/css/app.rtl.css]
[srbthemes.kcubeinfotech.com/evohus/html/assets/css/swiper-bundle.css]
[srbthemes.kcubeinfotech.com/evohus/html/assets/css/remixicon9711.eot]
[srbthemes.kcubeinfotech.com/evohus/html/assets/css/remixicon9711.woff2]
[srbthemes.kcubeinfotech.com/evohus/html/assets/css/remixicon9711.woff]
[srbthemes.kcubeinfotech.com/evohus/html/assets/css/remixicon9711.ttf]
[srbthemes.kcubeinfotech.com/evohus/html/assets/css/boxicons.eot]
[srbthemes.kcubeinfotech.com/evohus/html/assets/css/boxicons.woff2]
[srbthemes.kcubeinfotech.com/evohus/html/assets/css/boxicons.woff]
[srbthemes.kcubeinfotech.com/evohus/html/assets/css/boxicons.ttf]
[srbthemes.kcubeinfotech.com/evohus/html/assets/css/bootstrap-icons0107.woff2]
[srbthemes.kcubeinfotech.com/evohus/html/assets/css/bootstrap-icons0107.woff]
[srbthemes.kcubeinfotech.com/evohus/html/assets/css/la-brands-400.eot]
[srbthemes.kcubeinfotech.com/evohus/html/assets/css/la-brands-400d41d.eot]
[srbthemes.kcubeinfotech.com/evohus/html/assets/css/la-brands-400.woff2]
[srbthemes.kcubeinfotech.com/evohus/html/assets/css/la-brands-400.woff]
[srbthemes.kcubeinfotech.com/evohus/html/assets/css/la-brands-400.ttf]
[srbthemes.kcubeinfotech.com/evohus/html/assets/css/la-regular-400.eot]
[srbthemes.kcubeinfotech.com/evohus/html/assets/css/la-regular-400d41d.eot]
[srbthemes.kcubeinfotech.com/evohus/html/assets/css/la-regular-400.woff2]
[srbthemes.kcubeinfotech.com/evohus/html/assets/css/la-regular-400.woff]
[srbthemes.kcubeinfotech.com/evohus/html/assets/css/la-regular-400.ttf]
[srbthemes.kcubeinfotech.com/evohus/html/assets/css/la-solid-900.eot]
[srbthemes.kcubeinfotech.com/evohus/html/assets/css/la-solid-900d41d.eot]
[srbthemes.kcubeinfotech.com/evohus/html/assets/css/la-solid-900.woff2]
[srbthemes.kcubeinfotech.com/evohus/html/assets/css/la-solid-900.woff]
[srbthemes.kcubeinfotech.com/evohus/html/assets/css/la-solid-900.ttf]
[srbthemes.kcubeinfotech.com/evohus/html/assets/images/user-profile.jpg]
[srbthemes.kcubeinfotech.com/evohus/html/assets/images/auth.jpg]
[srbthemes.kcubeinfotech.com/evohus/html/assets/images/welcome-bg.png]
[srbthemes.kcubeinfotech.com/evohus/html/assets/css/admin.css]
[srbthemes.kcubeinfotech.com/evohus/html/assets/images/es.svg]
[srbthemes.kcubeinfotech.com/evohus/html/assets/images/sa.svg]
[srbthemes.kcubeinfotech.com/evohus/html/assets/images/pt.svg]
[srbthemes.kcubeinfotech.com/evohus/html/assets/images/user-12.png]
[srbthemes.kcubeinfotech.com/evohus/html/assets/images/user-18.png]
[srbthemes.kcubeinfotech.com/evohus/html/pages-user-activity.html]
[srbthemes.kcubeinfotech.com/evohus/html/assets/js/src/pages-account-settings.js]
[srbthemes.kcubeinfotech.com/evohus/html/assets/_commonjsHelpers-CqkleIqs.js]
[srbthemes.kcubeinfotech.com/evohus/html/assets/air-datepicker-C9mgs6L9.js]
[srbthemes.kcubeinfotech.com/evohus/html/assets/zh-DPqyS2Xf.js]
[srbthemes.kcubeinfotech.com/evohus/html/assets/anime.es-DjbxoOUh.js]
[srbthemes.kcubeinfotech.com/evohus/html/assets/en-C6E2-gVo.js]
[srbthemes.kcubeinfotech.com/evohus/html/assets/form-pickers.init-CyupeLm2.js]
[srbthemes.kcubeinfotech.com/evohus/html/assets/libs/virtual-select-plugin/virtual-select.min.js]
[srbthemes.kcubeinfotech.com/evohus/html/pages-account-settings.html]
[srbthemes.kcubeinfotech.com/evohus/html/assets/js/src/pages-help-center.js]
[srbthemes.kcubeinfotech.com/evohus/html/assets/images/user-14.png]
[srbthemes.kcubeinfotech.com/evohus/html/pages-help-center.html]
[srbthemes.kcubeinfotech.com/evohus/html/assets/signin-basic.init-CarhJS1N.js]
[srbthemes.kcubeinfotech.com/evohus/html/auth-signin-basic.html]
[srbthemes.kcubeinfotech.com/evohus/html/assets/images/user-20.png]
[srbthemes.kcubeinfotech.com/evohus/html/assets/images/user-15.png]
[srbthemes.kcubeinfotech.com/evohus/html/assets/images/user-16.png]
[srbthemes.kcubeinfotech.com/evohus/html/assets/images/user-17.png]
[srbthemes.kcubeinfotech.com/evohus/html/assets/images/user-11.png]
[srbthemes.kcubeinfotech.com/evohus/html/pages-user-projects.html]
[srbthemes.kcubeinfotech.com/evohus/html/pages-pricing.html]
[srbthemes.kcubeinfotech.com/evohus/html/assets/js/src/dashboard-analytics.js]
[srbthemes.kcubeinfotech.com/evohus/html/assets/images/property-10.jpg]
[srbthemes.kcubeinfotech.com/evohus/html/assets/images/property-11.jpg]
[srbthemes.kcubeinfotech.com/evohus/html/assets/images/property-12.jpg]
[srbthemes.kcubeinfotech.com/evohus/html/assets/images/property-13.jpg]
[srbthemes.kcubeinfotech.com/evohus/html/assets/images/user-51.png]
[srbthemes.kcubeinfotech.com/evohus/html/assets/images/user-71.png]
[srbthemes.kcubeinfotech.com/evohus/html/assets/images/user-72.png]
[srbthemes.kcubeinfotech.com/evohus/html/assets/images/user-23.png]
[srbthemes.kcubeinfotech.com/evohus/html/assets/libs/jsvectormap/jsvectormap.min.js]
[srbthemes.kcubeinfotech.com/evohus/html/assets/libs/jsvectormap/maps/world.js]
[srbthemes.kcubeinfotech.com/evohus/html/dashboard-analytics.html]
[srbthemes.kcubeinfotech.com/evohus/html/assets/js/src/dashboard-customer.js]
[srbthemes.kcubeinfotech.com/evohus/html/assets/images/user-54.png]
[srbthemes.kcubeinfotech.com/evohus/html/assets/images/user-59.png]
[srbthemes.kcubeinfotech.com/evohus/html/assets/images/user-56.png]
[srbthemes.kcubeinfotech.com/evohus/html/assets/images/user-64.png]
[srbthemes.kcubeinfotech.com/evohus/html/assets/images/user-61.png]
[srbthemes.kcubeinfotech.com/evohus/html/assets/images/user-6.png]
[srbthemes.kcubeinfotech.com/evohus/html/assets/images/user-30.png]
[srbthemes.kcubeinfotech.com/evohus/html/assets/images/review.png]
[srbthemes.kcubeinfotech.com/evohus/html/assets/images/user-27.png]
[srbthemes.kcubeinfotech.com/evohus/html/dashboard-customer.html]
[srbthemes.kcubeinfotech.com/evohus/html/assets/js/src/dashboard-agents.js]
[srbthemes.kcubeinfotech.com/evohus/html/assets/images/user-21.png]
[srbthemes.kcubeinfotech.com/evohus/html/assets/images/user-25.png]
[srbthemes.kcubeinfotech.com/evohus/html/assets/images/user-32.png]
[srbthemes.kcubeinfotech.com/evohus/html/assets/images/user-34.png]
[srbthemes.kcubeinfotech.com/evohus/html/assets/images/user-26.png]
[srbthemes.kcubeinfotech.com/evohus/html/assets/images/user-19.png]
[srbthemes.kcubeinfotech.com/evohus/html/assets/images/user-36.png]
[srbthemes.kcubeinfotech.com/evohus/html/assets/images/user-39.png]
[srbthemes.kcubeinfotech.com/evohus/html/dashboard-agents.html]
[srbthemes.kcubeinfotech.com/evohus/html/assets/js/src/apps-chat-default.js]
[srbthemes.kcubeinfotech.com/evohus/html/assets/images/img-10.png]
[srbthemes.kcubeinfotech.com/evohus/html/assets/images/user-37.png]
[srbthemes.kcubeinfotech.com/evohus/html/assets/images/user-29.png]
[srbthemes.kcubeinfotech.com/evohus/html/assets/images/user-31.png]
[srbthemes.kcubeinfotech.com/evohus/html/assets/images/video-1.png]
[srbthemes.kcubeinfotech.com/evohus/html/assets/images/video-2.png]
[srbthemes.kcubeinfotech.com/evohus/html/apps-chat-default.html]
[srbthemes.kcubeinfotech.com/evohus/html/assets/js/src/apps-chat-group.js]
[srbthemes.kcubeinfotech.com/evohus/html/assets/sweetalert2-CTD24S6B.js]
[srbthemes.kcubeinfotech.com/evohus/html/apps-chat-group.html]
[srbthemes.kcubeinfotech.com/evohus/html/assets/js/src/apps-chat-group-video.js]
[srbthemes.kcubeinfotech.com/evohus/html/assets/images/video-7.png]
[srbthemes.kcubeinfotech.com/evohus/html/assets/images/video-3.png]
[srbthemes.kcubeinfotech.com/evohus/html/assets/images/video-4.png]
[srbthemes.kcubeinfotech.com/evohus/html/assets/images/video-5.png]
[srbthemes.kcubeinfotech.com/evohus/html/assets/images/video-6.png]
[srbthemes.kcubeinfotech.com/evohus/html/assets/images/user-45.png]
[srbthemes.kcubeinfotech.com/evohus/html/apps-chat-group-video.html]
[srbthemes.kcubeinfotech.com/evohus/html/assets/js/src/apps-calendar-default.js]
[srbthemes.kcubeinfotech.com/evohus/html/assets/libs/fullcalendar/index.global.min.js]
[srbthemes.kcubeinfotech.com/evohus/html/apps-calendar-default.html]
[srbthemes.kcubeinfotech.com/evohus/html/assets/js/src/apps-calendar-weeknumber.js]
[srbthemes.kcubeinfotech.com/evohus/html/apps-calendar-weeknumber.html]
[srbthemes.kcubeinfotech.com/evohus/html/assets/js/src/apps-calendar-localize.js]
[srbthemes.kcubeinfotech.com/evohus/html/apps-calendar-localize.html]
[srbthemes.kcubeinfotech.com/evohus/html/assets/js/src/apps-calendar-dayview.js]
[srbthemes.kcubeinfotech.com/evohus/html/apps-calendar-dayview.html]
[srbthemes.kcubeinfotech.com/evohus/html/assets/js/src/apps-calendar-listview.js]
[srbthemes.kcubeinfotech.com/evohus/html/apps-calendar-listview.html]
[srbthemes.kcubeinfotech.com/evohus/html/assets/js/src/apps-calendar-timegrid.js]
[srbthemes.kcubeinfotech.com/evohus/html/apps-calendar-timegrid.html]
[srbthemes.kcubeinfotech.com/evohus/html/assets/js/src/apps-calendar-multi-month-stack.js]
[srbthemes.kcubeinfotech.com/evohus/html/apps-calendar-multi-month-stack.html]
[srbthemes.kcubeinfotech.com/evohus/html/assets/js/src/apps-calendar-multi-month-grid.js]
[srbthemes.kcubeinfotech.com/evohus/html/apps-calendar-multi-month-grid.html]
[srbthemes.kcubeinfotech.com/evohus/html/assets/js/src/apps-calendar-timeline.js]
[srbthemes.kcubeinfotech.com/evohus/html/apps-calendar-timeline.html]
[srbthemes.kcubeinfotech.com/evohus/html/assets/js/src/apps-calendar-date-nav-link.js]
[srbthemes.kcubeinfotech.com/evohus/html/apps-calendar-date-nav-link.html]
[srbthemes.kcubeinfotech.com/evohus/html/assets/js/src/apps-calendar-date-clicking.js]
[srbthemes.kcubeinfotech.com/evohus/html/apps-calendar-date-clicking.html]
[srbthemes.kcubeinfotech.com/evohus/html/assets/js/src/apps-mailbox.js]
[srbthemes.kcubeinfotech.com/evohus/html/apps-mailbox.html]
[srbthemes.kcubeinfotech.com/evohus/html/assets/images/welcome.png]
[srbthemes.kcubeinfotech.com/evohus/html/assets/images/user-77.png]
[srbthemes.kcubeinfotech.com/evohus/html/apps-email-templates-welcome.html]
[srbthemes.kcubeinfotech.com/evohus/html/assets/images/news.png]
[srbthemes.kcubeinfotech.com/evohus/html/apps-email-templates-newsletter.html]
[srbthemes.kcubeinfotech.com/evohus/html/apps-review.html]
[srbthemes.kcubeinfotech.com/evohus/html/assets/js/src/apps-property-listview.js]
[srbthemes.kcubeinfotech.com/evohus/html/apps-property-listview.html]
[srbthemes.kcubeinfotech.com/evohus/html/assets/js/src/apps-property-gridview.js]
[srbthemes.kcubeinfotech.com/evohus/html/assets/images/property-15.jpg]
[srbthemes.kcubeinfotech.com/evohus/html/assets/libs/nouislider/nouislider.min.js]
[srbthemes.kcubeinfotech.com/evohus/html/assets/libs/wnumb/wNumb.min.js]
[srbthemes.kcubeinfotech.com/evohus/html/apps-property-gridview.html]
[srbthemes.kcubeinfotech.com/evohus/html/assets/js/src/apps-property-add.js]
[srbthemes.kcubeinfotech.com/evohus/html/apps-property-add.html]
[srbthemes.kcubeinfotech.com/evohus/html/assets/images/property-14.jpg]
[srbthemes.kcubeinfotech.com/evohus/html/assets/images/property-22.jpg]
[srbthemes.kcubeinfotech.com/evohus/html/assets/images/property-32.jpg]
[srbthemes.kcubeinfotech.com/evohus/html/assets/images/property-42.jpg]
[srbthemes.kcubeinfotech.com/evohus/html/apps-property-details.html]
[srbthemes.kcubeinfotech.com/evohus/html/assets/js/src/apps-property-categories.js]
[srbthemes.kcubeinfotech.com/evohus/html/assets/echarts.min-BTvli7SZ.js]
[srbthemes.kcubeinfotech.com/evohus/html/assets/index-e5otCyz6.js]
[srbthemes.kcubeinfotech.com/evohus/html/apps-property-categories.html]
[srbthemes.kcubeinfotech.com/evohus/html/assets/js/src/apps-customer-listview.js]
[srbthemes.kcubeinfotech.com/evohus/html/apps-customer-listview.html]
[srbthemes.kcubeinfotech.com/evohus/html/assets/js/src/apps-customer-details.js]
[srbthemes.kcubeinfotech.com/evohus/html/assets/images/customer.png]
[srbthemes.kcubeinfotech.com/evohus/html/assets/libs/dayjs/dayjs.min.js]
[srbthemes.kcubeinfotech.com/evohus/html/assets/libs/dayjs/plugin/quarterOfYear.js]
[srbthemes.kcubeinfotech.com/evohus/html/apps-customer-details.html]
[srbthemes.kcubeinfotech.com/evohus/html/assets/js/src/apps-contact-requests.js]
[srbthemes.kcubeinfotech.com/evohus/html/apps-contact-requests.html]
[srbthemes.kcubeinfotech.com/evohus/html/assets/js/src/apps-agents-listview.js]
[srbthemes.kcubeinfotech.com/evohus/html/apps-agents-listview.html]
[srbthemes.kcubeinfotech.com/evohus/html/assets/js/src/apps-agents-add.js]
[srbthemes.kcubeinfotech.com/evohus/html/apps-agents-add.html]
[srbthemes.kcubeinfotech.com/evohus/html/assets/js/src/apps-agents-profile.js]
[srbthemes.kcubeinfotech.com/evohus/html/assets/progress-circle.init-BSjgPg28.js]
[srbthemes.kcubeinfotech.com/evohus/html/assets/images/trophy.png]
[srbthemes.kcubeinfotech.com/evohus/html/assets/images/medal.png]
[srbthemes.kcubeinfotech.com/evohus/html/assets/images/winner.png]
[srbthemes.kcubeinfotech.com/evohus/html/apps-agents-profile.html]
[srbthemes.kcubeinfotech.com/evohus/html/assets/js/src/apps-agencies-listview.js]
[srbthemes.kcubeinfotech.com/evohus/html/apps-agencies-listview.html]
[srbthemes.kcubeinfotech.com/evohus/html/assets/js/src/apps-transictions-listview.js]
[srbthemes.kcubeinfotech.com/evohus/html/assets/images/user-53.png]
[srbthemes.kcubeinfotech.com/evohus/html/assets/images/user-52.png]
[srbthemes.kcubeinfotech.com/evohus/html/assets/images/user-40.png]
[srbthemes.kcubeinfotech.com/evohus/html/assets/images/user-41.png]
[srbthemes.kcubeinfotech.com/evohus/html/assets/images/user-46.png]
[srbthemes.kcubeinfotech.com/evohus/html/assets/images/user-43.png]
[srbthemes.kcubeinfotech.com/evohus/html/assets/images/user-47.png]
[srbthemes.kcubeinfotech.com/evohus/html/assets/images/user-57.png]
[srbthemes.kcubeinfotech.com/evohus/html/assets/images/user-58.png]
[srbthemes.kcubeinfotech.com/evohus/html/assets/images/user-60.png]
[srbthemes.kcubeinfotech.com/evohus/html/assets/libs/apexcharts/apexcharts.min.js]
[srbthemes.kcubeinfotech.com/evohus/html/apps-transictions-listview.html]
[srbthemes.kcubeinfotech.com/evohus/html/assets/js/src/apps-transictions-add.js]
[srbthemes.kcubeinfotech.com/evohus/html/apps-transictions-add.html]
[srbthemes.kcubeinfotech.com/evohus/html/assets/js/src/apps-invoice-listview.js]
[srbthemes.kcubeinfotech.com/evohus/html/apps-invoice-listview.html]
[srbthemes.kcubeinfotech.com/evohus/html/assets/js/src/apps-invoices-add.js]
[srbthemes.kcubeinfotech.com/evohus/html/apps-invoices-add.html]
[srbthemes.kcubeinfotech.com/evohus/html/assets/js/src/apps-tracking.js]
[srbthemes.kcubeinfotech.com/evohus/html/apps-tracking.html]
[srbthemes.kcubeinfotech.com/evohus/html/assets/js/src/apps-revenue-report.js]
[srbthemes.kcubeinfotech.com/evohus/html/assets/images/user-22.png]
[srbthemes.kcubeinfotech.com/evohus/html/apps-revenue-report.html]
[srbthemes.kcubeinfotech.com/evohus/html/assets/js/src/apps-booking.js]
[srbthemes.kcubeinfotech.com/evohus/html/apps-booking.html]
[srbthemes.kcubeinfotech.com/evohus/html/assets/js/src/apps-schedule.js]
[srbthemes.kcubeinfotech.com/evohus/html/apps-schedule.html]
[srbthemes.kcubeinfotech.com/evohus/html/auth-signin-modern.html]
[srbthemes.kcubeinfotech.com/evohus/html/assets/signin-creative.init-Bh3K08P-.js]
[srbthemes.kcubeinfotech.com/evohus/html/assets/images/auth-creative.png]
[srbthemes.kcubeinfotech.com/evohus/html/auth-signin-creative.html]
[srbthemes.kcubeinfotech.com/evohus/html/assets/signup.init-YNYslRVd.js]
[srbthemes.kcubeinfotech.com/evohus/html/auth-signup-basic.html]
[srbthemes.kcubeinfotech.com/evohus/html/auth-signup-modern.html]
[srbthemes.kcubeinfotech.com/evohus/html/auth-signup-creative.html]
[srbthemes.kcubeinfotech.com/evohus/html/auth-forgot-password-basic.html]
[srbthemes.kcubeinfotech.com/evohus/html/auth-forgot-password-modern.html]
[srbthemes.kcubeinfotech.com/evohus/html/auth-forgot-password-creative.html]
[srbthemes.kcubeinfotech.com/evohus/html/assets/two-step-verification.init-BdJTtV0R.js]
[srbthemes.kcubeinfotech.com/evohus/html/auth-two-step-verification-basic.html]
[srbthemes.kcubeinfotech.com/evohus/html/auth-two-step-verification-modern.html]
[srbthemes.kcubeinfotech.com/evohus/html/auth-two-step-verification-creative.html]
[srbthemes.kcubeinfotech.com/evohus/html/assets/reset-password-validation-CvZx8qaP.js]
[srbthemes.kcubeinfotech.com/evohus/html/auth-reset-password-basic.html]
[srbthemes.kcubeinfotech.com/evohus/html/auth-reset-password-modern.html]
[srbthemes.kcubeinfotech.com/evohus/html/auth-reset-password-creative.html]
[srbthemes.kcubeinfotech.com/evohus/html/auth-successful-password-basic.html]
[srbthemes.kcubeinfotech.com/evohus/html/auth-successful-password-modern.html]
[srbthemes.kcubeinfotech.com/evohus/html/auth-successful-password-creative.html]
[srbthemes.kcubeinfotech.com/evohus/html/auth-account-deactivation-basic.html]
[srbthemes.kcubeinfotech.com/evohus/html/auth-account-deactivation-modern.html]
[srbthemes.kcubeinfotech.com/evohus/html/auth-account-deactivation-creative.html]
[srbthemes.kcubeinfotech.com/evohus/html/pages-starter.html]
[srbthemes.kcubeinfotech.com/evohus/html/assets/js/src/pages-account-security.js]
[srbthemes.kcubeinfotech.com/evohus/html/assets/images/security.png]
[srbthemes.kcubeinfotech.com/evohus/html/assets/images/qr.png]
[srbthemes.kcubeinfotech.com/evohus/html/pages-account-security.html]
[srbthemes.kcubeinfotech.com/evohus/html/assets/js/src/pages-account-billing-plan.js]
[srbthemes.kcubeinfotech.com/evohus/html/assets/images/visa.png]
[srbthemes.kcubeinfotech.com/evohus/html/assets/images/american.png]
[srbthemes.kcubeinfotech.com/evohus/html/assets/images/mastercard.png]
[srbthemes.kcubeinfotech.com/evohus/html/pages-account-billing-plan.html]
[srbthemes.kcubeinfotech.com/evohus/html/pages-account-notification.html]
[srbthemes.kcubeinfotech.com/evohus/html/assets/js/src/pages-account-statements.js]
[srbthemes.kcubeinfotech.com/evohus/html/pages-account-statements.html]
[srbthemes.kcubeinfotech.com/evohus/html/pages-account-logs.html]
[srbthemes.kcubeinfotech.com/evohus/html/assets/js/src/pages-user.js]
[srbthemes.kcubeinfotech.com/evohus/html/assets/images/new.png]
[srbthemes.kcubeinfotech.com/evohus/html/assets/images/quality.png]
[srbthemes.kcubeinfotech.com/evohus/html/assets/images/high-quality.png]
[srbthemes.kcubeinfotech.com/evohus/html/assets/images/reward.png]
[srbthemes.kcubeinfotech.com/evohus/html/pages-user.html]
[srbthemes.kcubeinfotech.com/evohus/html/assets/js/src/pages-user-followers.js]
[srbthemes.kcubeinfotech.com/evohus/html/assets/images/user-38.png]
[srbthemes.kcubeinfotech.com/evohus/html/assets/images/user-35.png]
[srbthemes.kcubeinfotech.com/evohus/html/pages-user-followers.html]
[srbthemes.kcubeinfotech.com/evohus/html/assets/js/src/pages-user-documents.js]
[srbthemes.kcubeinfotech.com/evohus/html/pages-user-documents.html]
[srbthemes.kcubeinfotech.com/evohus/html/pages-user-notes.html]
[srbthemes.kcubeinfotech.com/evohus/html/pages-pricing-admin.html]
[srbthemes.kcubeinfotech.com/evohus/html/pages-contact-us.html]
[srbthemes.kcubeinfotech.com/evohus/html/pages-faq.html]
[srbthemes.kcubeinfotech.com/evohus/html/pages-licenses.html]
[srbthemes.kcubeinfotech.com/evohus/html/pages-contact-us-two.html]
[srbthemes.kcubeinfotech.com/evohus/html/assets/js/src/pages-coming-soon.js]
[srbthemes.kcubeinfotech.com/evohus/html/assets/vanilla-tilt-HiZuOenx.js]
[srbthemes.kcubeinfotech.com/evohus/html/pages-coming-soon.html]
[srbthemes.kcubeinfotech.com/evohus/html/assets/images/setting.png]
[srbthemes.kcubeinfotech.com/evohus/html/assets/images/maintenance.png]
[srbthemes.kcubeinfotech.com/evohus/html/pages-maintenance.html]
[srbthemes.kcubeinfotech.com/evohus/html/assets/images/pr.png]
[srbthemes.kcubeinfotech.com/evohus/html/pages-privacy-policy.html]
[srbthemes.kcubeinfotech.com/evohus/html/assets/images/404.png]
[srbthemes.kcubeinfotech.com/evohus/html/pages-404.html]
[srbthemes.kcubeinfotech.com/evohus/html/assets/images/500.png]
[srbthemes.kcubeinfotech.com/evohus/html/pages-500.html]
[srbthemes.kcubeinfotech.com/evohus/html/widgets-cards.html]
[srbthemes.kcubeinfotech.com/evohus/html/assets/images/img-1.png]
[srbthemes.kcubeinfotech.com/evohus/html/assets/images/img-2.png]
[srbthemes.kcubeinfotech.com/evohus/html/widgets-banners.html]
[srbthemes.kcubeinfotech.com/evohus/html/assets/js/src/widgets-charts.js]
[srbthemes.kcubeinfotech.com/evohus/html/widgets-charts.html]
[srbthemes.kcubeinfotech.com/evohus/html/assets/js/src/widgets-data.js]
[srbthemes.kcubeinfotech.com/evohus/html/assets/images/img-01.png]
[srbthemes.kcubeinfotech.com/evohus/html/assets/images/img-02.png]
[srbthemes.kcubeinfotech.com/evohus/html/assets/images/img-03.png]
[srbthemes.kcubeinfotech.com/evohus/html/assets/images/img-04.png]
[srbthemes.kcubeinfotech.com/evohus/html/assets/images/img-05.png]
[srbthemes.kcubeinfotech.com/evohus/html/widgets-data.html]
[srbthemes.kcubeinfotech.com/evohus/html/assets/js/src/ui-alerts.js]
[srbthemes.kcubeinfotech.com/evohus/html/ui-alerts.html]
[srbthemes.kcubeinfotech.com/evohus/html/ui-badge.html]
[srbthemes.kcubeinfotech.com/evohus/html/ui-breadcrumb.html]
[srbthemes.kcubeinfotech.com/evohus/html/ui-buttons-group.html]
[srbthemes.kcubeinfotech.com/evohus/html/assets/js/src/ui-buttons.js]
[srbthemes.kcubeinfotech.com/evohus/html/ui-buttons.html]
[srbthemes.kcubeinfotech.com/evohus/html/ui-button-navigation.html]
[srbthemes.kcubeinfotech.com/evohus/html/ui-dropdown.html]
[srbthemes.kcubeinfotech.com/evohus/html/ui-loader.html]
[srbthemes.kcubeinfotech.com/evohus/html/ui-accordion.html]
[srbthemes.kcubeinfotech.com/evohus/html/ui-modal.html]
[srbthemes.kcubeinfotech.com/evohus/html/ui-links.html]
[srbthemes.kcubeinfotech.com/evohus/html/ui-tabs.html]
[srbthemes.kcubeinfotech.com/evohus/html/assets/images/user-24.png]
[srbthemes.kcubeinfotech.com/evohus/html/ui-drawer.html]
[srbthemes.kcubeinfotech.com/evohus/html/ui-pagination.html]
[srbthemes.kcubeinfotech.com/evohus/html/ui-progress-bar.html]
[srbthemes.kcubeinfotech.com/evohus/html/assets/js/src/ui-tooltips.js]
[srbthemes.kcubeinfotech.com/evohus/html/assets/libs/@popperjs/core/umd/popper.min.js]
[srbthemes.kcubeinfotech.com/evohus/html/assets/libs/tippy.js/tippy.umd.js]
[srbthemes.kcubeinfotech.com/evohus/html/ui-tooltips.html]
[srbthemes.kcubeinfotech.com/evohus/html/assets/images/img-01.jpg]
[srbthemes.kcubeinfotech.com/evohus/html/assets/images/img-02.jpg]
[srbthemes.kcubeinfotech.com/evohus/html/assets/images/img-03.jpg]
[srbthemes.kcubeinfotech.com/evohus/html/assets/images/img-04.jpg]
[srbthemes.kcubeinfotech.com/evohus/html/assets/images/img-06.jpg]
[srbthemes.kcubeinfotech.com/evohus/html/assets/images/img-05.jpg]
[srbthemes.kcubeinfotech.com/evohus/html/ui-cards.html]
[srbthemes.kcubeinfotech.com/evohus/html/ui-timeline.html]
[srbthemes.kcubeinfotech.com/evohus/html/assets/js/src/ui-notification.js]
[srbthemes.kcubeinfotech.com/evohus/html/ui-notification.html]
[srbthemes.kcubeinfotech.com/evohus/html/assets/images/user-132.png]
[srbthemes.kcubeinfotech.com/evohus/html/ui-list-group.html]
[srbthemes.kcubeinfotech.com/evohus/html/assets/images/cookie.png]
[srbthemes.kcubeinfotech.com/evohus/html/ui-cookie.html]
[srbthemes.kcubeinfotech.com/evohus/html/assets/js/src/ui-gallery.js]
[srbthemes.kcubeinfotech.com/evohus/html/assets/images/img-022.jpg]
[srbthemes.kcubeinfotech.com/evohus/html/assets/images/img-032.jpg]
[srbthemes.kcubeinfotech.com/evohus/html/assets/images/gallery/img-01.jpg]
[srbthemes.kcubeinfotech.com/evohus/html/assets/images/gallery/img-02.jpg]
[srbthemes.kcubeinfotech.com/evohus/html/assets/images/gallery/long/img-01.jpg]
[srbthemes.kcubeinfotech.com/evohus/html/assets/images/img-012.jpg]
[srbthemes.kcubeinfotech.com/evohus/html/assets/images/gallery/img-04.jpg]
[srbthemes.kcubeinfotech.com/evohus/html/assets/images/gallery/img-05.jpg]
[srbthemes.kcubeinfotech.com/evohus/html/assets/images/gallery/img-06.jpg]
[srbthemes.kcubeinfotech.com/evohus/html/assets/images/gallery/img-03.jpg]
[srbthemes.kcubeinfotech.com/evohus/html/assets/libs/glightbox/js/glightbox.min.js]
[srbthemes.kcubeinfotech.com/evohus/html/assets/libs/masonry-layout/masonry.pkgd.min.js]
[srbthemes.kcubeinfotech.com/evohus/html/ui-gallery.html]
[srbthemes.kcubeinfotech.com/evohus/html/ui-video.html]
[srbthemes.kcubeinfotech.com/evohus/html/ui-colors.html]
[srbthemes.kcubeinfotech.com/evohus/html/ui-typography.html]
[srbthemes.kcubeinfotech.com/evohus/html/assets/js/src/ui-advanced-animation.js]
[srbthemes.kcubeinfotech.com/evohus/html/ui-advanced-animation.html]
[srbthemes.kcubeinfotech.com/evohus/html/assets/js/src/ui-advanced-sweetalerts.js]
[srbthemes.kcubeinfotech.com/evohus/html/ui-advanced-sweetalerts.html]
[srbthemes.kcubeinfotech.com/evohus/html/ui-advanced-simplebar.html]
[srbthemes.kcubeinfotech.com/evohus/html/assets/js/src/ui-advanced-swiper.js]
[srbthemes.kcubeinfotech.com/evohus/html/ui-advanced-swiper.html]
[srbthemes.kcubeinfotech.com/evohus/html/ui-advanced-3d-effect.html]
[srbthemes.kcubeinfotech.com/evohus/html/assets/js/src/ui-advanced-word-counter.js]
[srbthemes.kcubeinfotech.com/evohus/html/ui-advanced-word-counter.html]
[srbthemes.kcubeinfotech.com/evohus/html/assets/js/src/ui-advanced-bot.js]
[srbthemes.kcubeinfotech.com/evohus/html/ui-advanced-bot.html]
[srbthemes.kcubeinfotech.com/evohus/html/assets/js/src/ui-advanced-image-annotation.js]
[srbthemes.kcubeinfotech.com/evohus/html/ui-advanced-image-annotation.html]
[srbthemes.kcubeinfotech.com/evohus/html/assets/js/src/ui-advanced-tree.js]
[srbthemes.kcubeinfotech.com/evohus/html/ui-advanced-tree.html]
[srbthemes.kcubeinfotech.com/evohus/html/assets/highlight-code.init-SG_ZAO2Y.js]
[srbthemes.kcubeinfotech.com/evohus/html/ui-advanced-highlight.html]
[srbthemes.kcubeinfotech.com/evohus/html/assets/js/src/ui-advanced-mask.js]
[srbthemes.kcubeinfotech.com/evohus/html/assets/libs/imask/imask.min.js]
[srbthemes.kcubeinfotech.com/evohus/html/ui-advanced-mask.html]
[srbthemes.kcubeinfotech.com/evohus/html/assets/js/src/ui-advanced-vis-timeline.js]
[srbthemes.kcubeinfotech.com/evohus/html/assets/libs/vis-timeline/vis-timeline-graph2d.min.js]
[srbthemes.kcubeinfotech.com/evohus/html/ui-advanced-vis-timeline.html]
[srbthemes.kcubeinfotech.com/evohus/html/icons-lucide.html]
[srbthemes.kcubeinfotech.com/evohus/html/icons-remix.html]
[srbthemes.kcubeinfotech.com/evohus/html/icons-bootstrap.html]
[srbthemes.kcubeinfotech.com/evohus/html/icons-boxicon.html]
[srbthemes.kcubeinfotech.com/evohus/html/icons-line-awesome.html]
[srbthemes.kcubeinfotech.com/evohus/html/form-basic-input.html]
[srbthemes.kcubeinfotech.com/evohus/html/form-input-group.html]
[srbthemes.kcubeinfotech.com/evohus/html/assets/js/src/form-file-input.js]
[srbthemes.kcubeinfotech.com/evohus/html/form-file-input.html]
[srbthemes.kcubeinfotech.com/evohus/html/assets/js/src/form-select.js]
[srbthemes.kcubeinfotech.com/evohus/html/form-select.html]
[srbthemes.kcubeinfotech.com/evohus/html/form-pickers.html]
[srbthemes.kcubeinfotech.com/evohus/html/assets/js/src/form-range.js]
[srbthemes.kcubeinfotech.com/evohus/html/form-range.html]
[srbthemes.kcubeinfotech.com/evohus/html/form-switches.html]
[srbthemes.kcubeinfotech.com/evohus/html/form-checkbox-radio.html]
[srbthemes.kcubeinfotech.com/evohus/html/assets/js/src/form-input-spin.js]
[srbthemes.kcubeinfotech.com/evohus/html/form-input-spin.html]
[srbthemes.kcubeinfotech.com/evohus/html/assets/js/src/form-recaptcha.js]
[www.google.com/recaptcha/api.js]
[srbthemes.kcubeinfotech.com/evohus/html/form-recaptcha.html]
[srbthemes.kcubeinfotech.com/evohus/html/assets/js/src/form-autosize.js]
[srbthemes.kcubeinfotech.com/evohus/html/form-autosize.html]
[srbthemes.kcubeinfotech.com/evohus/html/assets/js/src/form-editors.js]
[srbthemes.kcubeinfotech.com/evohus/html/assets/libs/quill/quill.js]
[srbthemes.kcubeinfotech.com/evohus/html/form-editors.html]
[srbthemes.kcubeinfotech.com/evohus/html/assets/js/src/form-clipboard.js]
[srbthemes.kcubeinfotech.com/evohus/html/assets/libs/clipboard/clipboard.min.js]
[srbthemes.kcubeinfotech.com/evohus/html/form-clipboard.html]
[srbthemes.kcubeinfotech.com/evohus/html/assets/js/src/form-wizard-basic.js]
[srbthemes.kcubeinfotech.com/evohus/html/assets/images/user.jpg]
[srbthemes.kcubeinfotech.com/evohus/html/form-wizard-basic.html]
[srbthemes.kcubeinfotech.com/evohus/html/assets/js/src/table-base.js]
[srbthemes.kcubeinfotech.com/evohus/html/table-base.html]
[srbthemes.kcubeinfotech.com/evohus/html/assets/js/src/table-grid.js]
[srbthemes.kcubeinfotech.com/evohus/html/assets/libs/gridjs/gridjs.umd.js]
[srbthemes.kcubeinfotech.com/evohus/html/table-grid.html]
[srbthemes.kcubeinfotech.com/evohus/html/assets/libs/tabulator-tables/js/tabulator.min.js]
[srbthemes.kcubeinfotech.com/evohus/html/assets/libs/luxon/build/global/luxon.min.js]
[srbthemes.kcubeinfotech.com/evohus/html/assets/js/table/table-tabulator.init.js]
[srbthemes.kcubeinfotech.com/evohus/html/table-tabulator.html]
[srbthemes.kcubeinfotech.com/evohus/html/assets/table-datatables-basic.init-aHCXoYoy.js]
[srbthemes.kcubeinfotech.com/datatable-cdn/jquery-3.7.1.js]
[srbthemes.kcubeinfotech.com/datatable-cdn/dataTables.js]
[srbthemes.kcubeinfotech.com/datatable-cdn/dataTables.bootstrap5.js]
[srbthemes.kcubeinfotech.com/evohus/html/table-datatables-basic.html]
[srbthemes.kcubeinfotech.com/evohus/html/table-datatables-bordered.html]
[srbthemes.kcubeinfotech.com/evohus/html/table-datatables-stripe.html]
[srbthemes.kcubeinfotech.com/evohus/html/table-datatables-hover.html]
[srbthemes.kcubeinfotech.com/evohus/html/assets/js/src/table-datatables-row-grouping.js]
[srbthemes.kcubeinfotech.com/evohus/html/table-datatables-row-grouping.html]
[srbthemes.kcubeinfotech.com/evohus/html/assets/js/src/table-datatables-enable-disable.js]
[srbthemes.kcubeinfotech.com/evohus/html/table-datatables-enable-disable.html]
[srbthemes.kcubeinfotech.com/evohus/html/assets/js/src/apexchart-area.js]
[srbthemes.kcubeinfotech.com/evohus/html/apexchart-area.html]
[srbthemes.kcubeinfotech.com/evohus/html/assets/js/src/apexchart-bar.js]
[srbthemes.kcubeinfotech.com/evohus/html/apexchart-bar.html]
[srbthemes.kcubeinfotech.com/evohus/html/assets/js/src/apexchart-box-whisker.js]
[srbthemes.kcubeinfotech.com/evohus/html/apexchart-box-whisker.html]
[srbthemes.kcubeinfotech.com/evohus/html/assets/js/src/apexchart-bubble.js]
[srbthemes.kcubeinfotech.com/evohus/html/apexchart-bubble.html]
[srbthemes.kcubeinfotech.com/evohus/html/assets/js/src/apexchart-candlestick.js]
[srbthemes.kcubeinfotech.com/evohus/html/apexchart-candlestick.html]
[srbthemes.kcubeinfotech.com/evohus/html/assets/js/src/apexchart-column.js]
[srbthemes.kcubeinfotech.com/evohus/html/apexchart-column.html]
[srbthemes.kcubeinfotech.com/evohus/html/assets/js/src/apexchart-funnel.js]
[srbthemes.kcubeinfotech.com/evohus/html/apexchart-funnel.html]
[srbthemes.kcubeinfotech.com/evohus/html/assets/js/src/apexchart-heatmap.js]
[srbthemes.kcubeinfotech.com/evohus/html/apexchart-heatmap.html]
[srbthemes.kcubeinfotech.com/evohus/html/assets/js/src/apexchart-line.js]
[srbthemes.kcubeinfotech.com/evohus/html/apexchart-line.html]
[srbthemes.kcubeinfotech.com/evohus/html/assets/js/src/apexchart-mixed.js]
[srbthemes.kcubeinfotech.com/evohus/html/apexchart-mixed.html]
[srbthemes.kcubeinfotech.com/evohus/html/assets/js/src/apexchart-pie.js]
[srbthemes.kcubeinfotech.com/evohus/html/apexchart-pie.html]
[srbthemes.kcubeinfotech.com/evohus/html/assets/js/src/apexchart-polar-area.js]
[srbthemes.kcubeinfotech.com/evohus/html/apexchart-polar-area.html]
[srbthemes.kcubeinfotech.com/evohus/html/assets/js/src/apexchart-radar.js]
[srbthemes.kcubeinfotech.com/evohus/html/apexchart-radar.html]
[srbthemes.kcubeinfotech.com/evohus/html/assets/js/src/apexchart-radialbar.js]
[srbthemes.kcubeinfotech.com/evohus/html/apexchart-radialbar.html]
[srbthemes.kcubeinfotech.com/evohus/html/assets/js/src/apexchart-range-area.js]
[srbthemes.kcubeinfotech.com/evohus/html/apexchart-range-area.html]
[srbthemes.kcubeinfotech.com/evohus/html/assets/js/src/apexchart-scatter.js]
[srbthemes.kcubeinfotech.com/evohus/html/apexchart-scatter.html]
[srbthemes.kcubeinfotech.com/evohus/html/assets/js/src/apexchart-slope.js]
[srbthemes.kcubeinfotech.com/evohus/html/apexchart-slope.html]
[srbthemes.kcubeinfotech.com/evohus/html/assets/js/src/apexchart-timeline.js]
[srbthemes.kcubeinfotech.com/evohus/html/apexchart-timeline.html]
[srbthemes.kcubeinfotech.com/evohus/html/assets/js/src/apexchart-treemap.js]
[srbthemes.kcubeinfotech.com/evohus/html/apexchart-treemap.html]
[srbthemes.kcubeinfotech.com/evohus/html/assets/js/src/charts-apexsankey.js]
[srbthemes.kcubeinfotech.com/evohus/html/charts-apexsankey.html]
[srbthemes.kcubeinfotech.com/evohus/html/assets/js/src/echart-bar.js]
[srbthemes.kcubeinfotech.com/evohus/html/echart-bar.html]
[srbthemes.kcubeinfotech.com/evohus/html/assets/js/src/echart-line.js]
[srbthemes.kcubeinfotech.com/evohus/html/echart-line.html]
[srbthemes.kcubeinfotech.com/evohus/html/assets/js/src/echart-pie.js]
[srbthemes.kcubeinfotech.com/evohus/html/echart-pie.html]
[srbthemes.kcubeinfotech.com/evohus/html/assets/js/src/maps-google.js]
[srbthemes.kcubeinfotech.com/evohus/html/maps-google.html]
[srbthemes.kcubeinfotech.com/evohus/html/assets/js/src/maps-vector.js]
[srbthemes.kcubeinfotech.com/evohus/html/maps-vector.html]
[srbthemes.kcubeinfotech.com/evohus/html/assets/images/others/check-arrow.svg]
[srbthemes.kcubeinfotech.com/evohus/html/assets/images/remixicon9711.svg]
[srbthemes.kcubeinfotech.com/evohus/html/assets/images/boxiconsd41d.svg]
[srbthemes.kcubeinfotech.com/evohus/html/assets/images/la-brands-400.svg]
[srbthemes.kcubeinfotech.com/evohus/html/assets/images/la-regular-400.svg]
[srbthemes.kcubeinfotech.com/evohus/html/assets/images/la-solid-900.svg]
[srbthemes.kcubeinfotech.com/evohus/html/assets/css/air-datepicker.css]
[srbthemes.kcubeinfotech.com/evohus/html/assets/css/virtual-select.css]
[srbthemes.kcubeinfotech.com/evohus/html/assets/images/br.svg]
[srbthemes.kcubeinfotech.com/evohus/html/assets/css/sweetalert2.css]
[srbthemes.kcubeinfotech.com/evohus/html/assets/css/nouislider.css]
[srbthemes.kcubeinfotech.com/evohus/html/pages-contact-us-two.html]
[srbthemes.kcubeinfotech.com/evohus/html/assets/css/ui-tooltips.css]
[srbthemes.kcubeinfotech.com/evohus/html/assets/css/ui-advanced-animation.css]
[srbthemes.kcubeinfotech.com/evohus/html/assets/css/ui-advanced-vis-timeline.css]
[srbthemes.kcubeinfotech.com/evohus/html/assets/css/form-file-input.css]
[srbthemes.kcubeinfotech.com/evohus/html/assets/css/form-editors.css]
[srbthemes.kcubeinfotech.com/evohus/html/assets/css/table-grid.css]
[srbthemes.kcubeinfotech.com/evohus/html/assets/css/table-tabulator.css]
[srbthemes.kcubeinfotech.com/datatable-cdn/dataTables.bootstrap5.css]
[srbthemes.kcubeinfotech.com/evohus/html/pages-contact-us-three.html]
[srbthemes.kcubeinfotech.com/evohus/html/pages-contact-us-three.html]
[polyfill.io/v3/polyfill.min2174.js]
[srbthemes.kcubeinfotech.com/evohus/html/pages-contact-us-four.html]
[srbthemes.kcubeinfotech.com/evohus/html/pages-contact-us-four.html]
[srbthemes.kcubeinfotech.com/evohus/html/pages-contact-us-five.html]
[srbthemes.kcubeinfotech.com/evohus/html/pages-contact-us-five.html]
