[template.hasthemes.com/bery/bery/index.html]
[backblue.gif]
[fade.gif]
[index.html]
[template.hasthemes.com/bery/bery/assets/images/favicon.png]
[template.hasthemes.com/bery/bery/assets/css/plugins/swiper-bundle.min.css]
[template.hasthemes.com/bery/bery/assets/css/plugins/magnific-popup.css]
[template.hasthemes.com/bery/bery/assets/css/plugins/nice-select.css]
[template.hasthemes.com/bery/bery/assets/images/logo/logo-white.png]
[template.hasthemes.com/bery/bery/assets/css/style.css]
[template.hasthemes.com/bery/bery/assets/images/logo/logo.svg]
[template.hasthemes.com/bery/bery/index-3.html]
[template.hasthemes.com/bery/bery/index-2.html]
[template.hasthemes.com/bery/bery/index-6.html]
[template.hasthemes.com/bery/bery/index-4.html]
[template.hasthemes.com/bery/bery/index-5.html]
[template.hasthemes.com/bery/bery/about.html]
[template.hasthemes.com/bery/bery/about-v2.html]
[template.hasthemes.com/bery/bery/assets/images/mega-menu/image.png]
[template.hasthemes.com/bery/bery/properties-v1.html]
[template.hasthemes.com/bery/bery/add-properties.html]
[template.hasthemes.com/bery/bery/properties-v2.html]
[template.hasthemes.com/bery/bery/properties-left-side-bar.html]
[template.hasthemes.com/bery/bery/properties-right-side-bar.html]
[template.hasthemes.com/bery/bery/properties-list-left-side-bar.html]
[template.hasthemes.com/bery/bery/properties-list-right-side-bar.html]
[template.hasthemes.com/bery/bery/properties-details.html]
[template.hasthemes.com/bery/bery/service.html]
[template.hasthemes.com/bery/bery/single-service.html]
[template.hasthemes.com/bery/bery/login.html]
[template.hasthemes.com/bery/bery/register.html]
[template.hasthemes.com/bery/bery/agency.html]
[template.hasthemes.com/bery/bery/create-agency.html]
[template.hasthemes.com/bery/bery/agent.html]
[template.hasthemes.com/bery/bery/agency-details.html]
[template.hasthemes.com/bery/bery/blog-grid.html]
[template.hasthemes.com/bery/bery/agent-details.html]
[template.hasthemes.com/bery/bery/blog-grid-left-side-bar.html]
[template.hasthemes.com/bery/bery/blog-grid-right-side-bar.html]
[template.hasthemes.com/bery/bery/blog-details.html]
[template.hasthemes.com/bery/bery/contact-us.html]
[template.hasthemes.com/bery/bery/assets/images/user/avater.png]
[template.hasthemes.com/bery/bery/contact.html]
[template.hasthemes.com/bery/bery/assets/images/hero/home-1.png]
[template.hasthemes.com/bery/bery/assets/images/hero/shape4.svg]
[template.hasthemes.com/bery/bery/assets/images/icon/location.svg]
[template.hasthemes.com/bery/bery/assets/images/icon/property.svg]
[template.hasthemes.com/bery/bery/assets/images/icon/dollar-circle.svg]
[template.hasthemes.com/bery/bery/assets/images/icon/area.svg]
[template.hasthemes.com/bery/bery/assets/images/icon/search-outline.svg]
[template.hasthemes.com/bery/bery/assets/images/properties/properties1.png]
[template.hasthemes.com/bery/bery/assets/images/icon/camera.png]
[template.hasthemes.com/bery/bery/assets/images/icon/video.png]
[template.hasthemes.com/bery/bery/assets/images/properties/properties2.png]
[template.hasthemes.com/bery/bery/assets/images/properties/properties3.png]
[template.hasthemes.com/bery/bery/assets/images/about/about1.png]
[template.hasthemes.com/bery/bery/assets/images/icon/doller.png]
[template.hasthemes.com/bery/bery/assets/images/icon/location.png]
[template.hasthemes.com/bery/bery/assets/images/icon/trusted.png]
[template.hasthemes.com/bery/bery/assets/images/properties/properties4.jpg]
[template.hasthemes.com/bery/bery/assets/images/properties/properties5.jpg]
[template.hasthemes.com/bery/bery/assets/images/properties/properties6.png]
[template.hasthemes.com/bery/bery/assets/images/properties/properties7.png]
[template.hasthemes.com/bery/bery/assets/images/properties/properties8.jpg]
[template.hasthemes.com/bery/bery/assets/images/properties/properties9.jpg]
[template.hasthemes.com/bery/bery/assets/images/video/shape-3.png]
[template.hasthemes.com/bery/bery/assets/images/video/shape-2.png]
[template.hasthemes.com/bery/bery/assets/images/video/video.png]
[template.hasthemes.com/bery/bery/assets/images/cities/image1.png]
[template.hasthemes.com/bery/bery/assets/images/cities/image2.png]
[template.hasthemes.com/bery/bery/assets/images/cities/image3.png]
[template.hasthemes.com/bery/bery/assets/images/cities/image4.png]
[template.hasthemes.com/bery/bery/assets/images/testimonial/dots.png]
[template.hasthemes.com/bery/bery/assets/images/testimonial/person2.png]
[template.hasthemes.com/bery/bery/assets/images/testimonial/persone-pattern.png]
[template.hasthemes.com/bery/bery/assets/images/testimonial/person4.png]
[template.hasthemes.com/bery/bery/assets/images/brand/brand1.png]
[template.hasthemes.com/bery/bery/assets/images/brand/brand2.png]
[template.hasthemes.com/bery/bery/assets/images/brand/brand3.png]
[template.hasthemes.com/bery/bery/assets/images/brand/brand4.png]
[template.hasthemes.com/bery/bery/assets/images/brand/brand5.png]
[template.hasthemes.com/bery/bery/assets/images/team/person1.png]
[template.hasthemes.com/bery/bery/assets/images/team/person2.png]
[template.hasthemes.com/bery/bery/assets/images/team/person3.png]
[template.hasthemes.com/bery/bery/assets/images/blog/post1.png]
[template.hasthemes.com/bery/bery/assets/images/blog/post2.png]
[template.hasthemes.com/bery/bery/assets/images/blog/post3.png]
[template.hasthemes.com/bery/bery/assets/images/newsletter/bg-1.png]
[template.hasthemes.com/bery/bery/assets/images/footer/pattern.png]
[template.hasthemes.com/bery/bery/assets/js/vendor/modernizr-3.11.7.min.js]
[template.hasthemes.com/bery/bery/assets/js/vendor/jquery-3.6.0.min.js]
[template.hasthemes.com/bery/bery/assets/js/vendor/jquery-migrate-3.3.2.min.js]
[template.hasthemes.com/bery/bery/assets/js/plugins/swiper-bundle.min.js]
[template.hasthemes.com/bery/bery/assets/js/plugins/popper.min.js]
[template.hasthemes.com/bery/bery/assets/js/plugins/jquery.magnific-popup.min.js]
[template.hasthemes.com/bery/bery/assets/js/plugins/jquery.ajaxchimp.min.js]
[template.hasthemes.com/bery/bery/assets/js/plugins/parallax.min.js]
[template.hasthemes.com/bery/bery/assets/js/plugins/jquery.nice-select.min.js]
[template.hasthemes.com/bery/bery/index.html]
[template.hasthemes.com/bery/bery/assets/css/plugins/swiper-bundle.min.css]
[template.hasthemes.com/bery/bery/assets/css/plugins/magnific-popup.css]
[template.hasthemes.com/bery/bery/assets/css/plugins/nice-select.css]
[template.hasthemes.com/bery/bery/assets/css/style.css]
[template.hasthemes.com/bery/bery/assets/images/logo/logo.svg]
[template.hasthemes.com/bery/bery/assets/js/main.js]
[template.hasthemes.com/bery/bery/assets/images/hero/hernan-lucio.png]
[template.hasthemes.com/bery/bery/assets/images/hero/home-2.png]
[template.hasthemes.com/bery/bery/index-2.html]
[template.hasthemes.com/bery/bery/assets/images/hero/home-3.jpg]
[template.hasthemes.com/bery/bery/assets/images/about/about7.png]
[template.hasthemes.com/bery/bery/assets/images/video/video-2.png]
[template.hasthemes.com/bery/bery/assets/images/video/shape-4.png]
[template.hasthemes.com/bery/bery/index-3.html]
[template.hasthemes.com/bery/bery/assets/js/plugins/mapplace.js]
[template.hasthemes.com/bery/bery/index-4.html]
[template.hasthemes.com/bery/bery/assets/js/plugins/map-place.js]
[template.hasthemes.com/bery/bery/assets/images/latest-properties/properties1.jpg]
[template.hasthemes.com/bery/bery/assets/images/latest-properties/properties2.jpg]
[template.hasthemes.com/bery/bery/assets/images/latest-properties/properties3.jpg]
[template.hasthemes.com/bery/bery/assets/images/latest-properties/properties4.jpg]
[template.hasthemes.com/bery/bery/assets/images/latest-properties/properties5.jpg]
[template.hasthemes.com/bery/bery/assets/images/properties-grids/properties1.png]
[template.hasthemes.com/bery/bery/assets/images/properties-grids/properties4.png]
[template.hasthemes.com/bery/bery/assets/images/properties-grids/properties2.png]
[template.hasthemes.com/bery/bery/assets/images/properties-grids/properties5.png]
[template.hasthemes.com/bery/bery/assets/images/properties-grids/properties3.png]
[template.hasthemes.com/bery/bery/assets/images/properties-grids/properties6.png]
[template.hasthemes.com/bery/bery/index-5.html]
[template.hasthemes.com/bery/bery/assets/images/hero/home-6.png]
[template.hasthemes.com/bery/bery/assets/images/icon/home.png]
[template.hasthemes.com/bery/bery/assets/images/icon/bed.png]
[template.hasthemes.com/bery/bery/assets/images/icon/bathroom.png]
[template.hasthemes.com/bery/bery/assets/images/icon/kitchen.png]
[template.hasthemes.com/bery/bery/assets/images/icon/garage.png]
[template.hasthemes.com/bery/bery/assets/images/hero/home-6.1.png]
[template.hasthemes.com/bery/bery/assets/images/hero/home-6.2.png]
[template.hasthemes.com/bery/bery/assets/images/about/dot-with-line.png]
[template.hasthemes.com/bery/bery/assets/images/about/star.png]
[template.hasthemes.com/bery/bery/assets/images/about/about3.png]
[template.hasthemes.com/bery/bery/assets/images/service-icon/chart.png]
[template.hasthemes.com/bery/bery/assets/images/service-icon/note.png]
[template.hasthemes.com/bery/bery/assets/images/service-icon/key.png]
[template.hasthemes.com/bery/bery/assets/images/interior/slide1.png]
[template.hasthemes.com/bery/bery/assets/images/interior/slide2.png]
[template.hasthemes.com/bery/bery/assets/images/interior/slide3.png]
[template.hasthemes.com/bery/bery/assets/images/about/check.png]
[template.hasthemes.com/bery/bery/assets/images/floor-plan/floor2.png]
[template.hasthemes.com/bery/bery/assets/images/floor-plan/floor1.png]
[template.hasthemes.com/bery/bery/assets/images/floor-plan/floor3.png]
[template.hasthemes.com/bery/bery/assets/images/gallery/large/01.png]
[template.hasthemes.com/bery/bery/assets/images/gallery/01.png]
[template.hasthemes.com/bery/bery/assets/images/gallery/large/02.png]
[template.hasthemes.com/bery/bery/assets/images/gallery/02.png]
[template.hasthemes.com/bery/bery/assets/images/gallery/large/03.png]
[template.hasthemes.com/bery/bery/assets/images/gallery/03.png]
[template.hasthemes.com/bery/bery/assets/images/gallery/large/04.png]
[template.hasthemes.com/bery/bery/assets/images/gallery/04.png]
[template.hasthemes.com/bery/bery/assets/images/gallery/large/05.png]
[template.hasthemes.com/bery/bery/assets/images/gallery/05.png]
[template.hasthemes.com/bery/bery/assets/images/gallery/large/06.png]
[template.hasthemes.com/bery/bery/assets/images/gallery/06.png]
[template.hasthemes.com/bery/bery/assets/images/icon/star.png]
[template.hasthemes.com/bery/bery/assets/images/team/person13.png]
[template.hasthemes.com/bery/bery/index-6.html]
[template.hasthemes.com/bery/bery/assets/images/about/about5.png]
[template.hasthemes.com/bery/bery/assets/images/service/service1.png]
[template.hasthemes.com/bery/bery/assets/images/service/service2.png]
[template.hasthemes.com/bery/bery/assets/images/service/service3.png]
[template.hasthemes.com/bery/bery/assets/images/service/service4.png]
[template.hasthemes.com/bery/bery/assets/js/plugins/jquery.waypoints.js]
[template.hasthemes.com/bery/bery/about.html]
[template.hasthemes.com/bery/bery/assets/js/plugins/jquery.counterup.min.js]
[template.hasthemes.com/bery/bery/assets/images/breadcrumb/bg-1.png]
[template.hasthemes.com/bery/bery/about-v2.html]
[template.hasthemes.com/bery/bery/properties-v1.html]
[template.hasthemes.com/bery/bery/properties-v2.html]
[template.hasthemes.com/bery/bery/add-properties.html]
[template.hasthemes.com/bery/bery/assets/images/properties/propertie-slider-1.png]
[template.hasthemes.com/bery/bery/assets/images/properties/propertie-slider-2.png]
[template.hasthemes.com/bery/bery/assets/images/team/person4.png]
[template.hasthemes.com/bery/bery/properties-left-side-bar.html]
[template.hasthemes.com/bery/bery/properties-right-side-bar.html]
[template.hasthemes.com/bery/bery/properties-list-left-side-bar.html]
[template.hasthemes.com/bery/bery/properties-list-right-side-bar.html]
[template.hasthemes.com/bery/bery/assets/images/properties-details/post1.png]
[template.hasthemes.com/bery/bery/assets/images/properties-details/gallery/01.png]
[template.hasthemes.com/bery/bery/assets/images/properties-details/01.png]
[template.hasthemes.com/bery/bery/assets/images/properties-details/gallery/03.png]
[template.hasthemes.com/bery/bery/assets/images/properties-details/03.png]
[template.hasthemes.com/bery/bery/assets/images/properties-details/gallery/07.png]
[template.hasthemes.com/bery/bery/assets/images/properties-details/07.png]
[template.hasthemes.com/bery/bery/assets/images/properties-details/gallery/05.png]
[template.hasthemes.com/bery/bery/assets/images/properties-details/05.png]
[template.hasthemes.com/bery/bery/assets/images/icon/medist.png]
[template.hasthemes.com/bery/bery/assets/images/icon/healthcare.png]
[template.hasthemes.com/bery/bery/assets/images/icon/medihealth.png]
[template.hasthemes.com/bery/bery/assets/images/commentor/01.png]
[template.hasthemes.com/bery/bery/assets/images/commentor/02.png]
[template.hasthemes.com/bery/bery/assets/images/commentor/03.png]
[template.hasthemes.com/bery/bery/properties-details.html]
[template.hasthemes.com/bery/bery/service.html]
[template.hasthemes.com/bery/bery/single-service.html]
[template.hasthemes.com/bery/bery/assets/images/contact/image.png]
[template.hasthemes.com/bery/bery/login.html]
[template.hasthemes.com/bery/bery/assets/images/contact/image2.png]
[template.hasthemes.com/bery/bery/register.html]
[template.hasthemes.com/bery/bery/assets/images/brands/brand1.png]
[template.hasthemes.com/bery/bery/assets/images/brands/brand2.png]
[template.hasthemes.com/bery/bery/assets/images/brands/brand3.png]
[template.hasthemes.com/bery/bery/assets/images/brands/brand4.png]
[template.hasthemes.com/bery/bery/assets/images/brands/brand5.png]
[template.hasthemes.com/bery/bery/assets/images/brands/brand6.png]
[template.hasthemes.com/bery/bery/assets/images/brands/brand7.png]
[template.hasthemes.com/bery/bery/assets/images/brands/brand8.png]
[template.hasthemes.com/bery/bery/assets/images/brands/brand9.png]
[template.hasthemes.com/bery/bery/agency.html]
[template.hasthemes.com/bery/bery/create-agency.html]
[template.hasthemes.com/bery/bery/assets/images/team/person5.png]
[template.hasthemes.com/bery/bery/assets/images/team/person6.png]
[template.hasthemes.com/bery/bery/assets/images/team/person7.png]
[template.hasthemes.com/bery/bery/assets/images/team/person8.png]
[template.hasthemes.com/bery/bery/assets/images/team/person9.png]
[template.hasthemes.com/bery/bery/assets/images/team/person10.png]
[template.hasthemes.com/bery/bery/assets/images/team/person11.png]
[template.hasthemes.com/bery/bery/agent.html]
[template.hasthemes.com/bery/bery/assets/images/brands/brand-lg.png]
[template.hasthemes.com/bery/bery/agency-details.html]
[template.hasthemes.com/bery/bery/assets/images/team/fleming.png]
[template.hasthemes.com/bery/bery/agent-details.html]
[template.hasthemes.com/bery/bery/assets/images/blog-post/post1.png]
[template.hasthemes.com/bery/bery/assets/images/blog-post/post2.png]
[template.hasthemes.com/bery/bery/assets/images/blog-post/post3.png]
[template.hasthemes.com/bery/bery/assets/images/blog-post/post4.png]
[template.hasthemes.com/bery/bery/assets/images/blog-post/post5.png]
[template.hasthemes.com/bery/bery/assets/images/blog-post/post6.png]
[template.hasthemes.com/bery/bery/assets/images/blog-post/post7.png]
[template.hasthemes.com/bery/bery/assets/images/blog-post/post8.png]
[template.hasthemes.com/bery/bery/assets/images/blog-post/post9.png]
[template.hasthemes.com/bery/bery/blog-grid.html]
[template.hasthemes.com/bery/bery/assets/images/properties/properties-sm-1.png]
[template.hasthemes.com/bery/bery/assets/images/properties/properties-sm-2.png]
[template.hasthemes.com/bery/bery/blog-grid-left-side-bar.html]
[template.hasthemes.com/bery/bery/blog-grid-right-side-bar.html]
[template.hasthemes.com/bery/bery/assets/images/blog-details/post2.png]
[template.hasthemes.com/bery/bery/blog-details.html]
[template.hasthemes.com/bery/bery/assets/images/icon/map.png]
[template.hasthemes.com/bery/bery/assets/images/icon/phone.png]
[template.hasthemes.com/bery/bery/assets/images/icon/mail.png]
[template.hasthemes.com/bery/bery/contact-us.html]
[template.hasthemes.com/bery/bery/contact.html]
[template.hasthemes.com/bery/bery/assets/images/hero/shape4.svg]
[template.hasthemes.com/bery/bery/assets/images/icon/location.svg]
[template.hasthemes.com/bery/bery/assets/images/icon/property.svg]
[template.hasthemes.com/bery/bery/assets/images/icon/dollar-circle.svg]
[template.hasthemes.com/bery/bery/assets/images/icon/area.svg]
[template.hasthemes.com/bery/bery/assets/images/icon/search-outline.svg]
