[housebox-html-demo.vercel.app/index.html]
[backblue.gif]
[fade.gif]
[index.html]
[housebox-html-demo.vercel.app/assets/img/logo/fav-logo1.png]
[housebox-html-demo.vercel.app/assets/css/plugins/bootstrap.min.css]
[housebox-html-demo.vercel.app/assets/css/plugins/aos.css]
[housebox-html-demo.vercel.app/assets/css/plugins/fontawesome.css]
[housebox-html-demo.vercel.app/assets/css/plugins/magnific-popup.css]
[housebox-html-demo.vercel.app/assets/css/plugins/mobile.css]
[housebox-html-demo.vercel.app/assets/css/plugins/owlcarousel.min.css]
[housebox-html-demo.vercel.app/assets/css/plugins/sidebar.css]
[housebox-html-demo.vercel.app/assets/css/plugins/slick-slider.css]
[housebox-html-demo.vercel.app/assets/css/plugins/nice-select.css]
[housebox-html-demo.vercel.app/assets/css/plugins/swiper-slider.css]
[housebox-html-demo.vercel.app/assets/css/main.css]
[housebox-html-demo.vercel.app/assets/js/plugins/jquery-3-7-1.min.js]
[housebox-html-demo.vercel.app/assets/img/logo/preloader.png]
[housebox-html-demo.vercel.app/assets/img/elements/elements11.png]
[housebox-html-demo.vercel.app/assets/img/logo/logo1.png]
[housebox-html-demo.vercel.app/assets/img/all-images/demo/demo-img1.png]
[housebox-html-demo.vercel.app/assets/img/all-images/demo/demo-img2.png]
[housebox-html-demo.vercel.app/index2]
[housebox-html-demo.vercel.app/assets/img/all-images/demo/demo-img3.png]
[housebox-html-demo.vercel.app/index3]
[housebox-html-demo.vercel.app/assets/img/all-images/demo/demo-img4.png]
[housebox-html-demo.vercel.app/index4]
[housebox-html-demo.vercel.app/about-us]
[housebox-html-demo.vercel.app/our-service]
[housebox-html-demo.vercel.app/pricing]
[housebox-html-demo.vercel.app/contact]
[housebox-html-demo.vercel.app/faq]
[housebox-html-demo.vercel.app/privacy-policy]
[housebox-html-demo.vercel.app/loan-caculator]
[housebox-html-demo.vercel.app/property-halfmap-grid]
[housebox-html-demo.vercel.app/property-halfmap-list]
[housebox-html-demo.vercel.app/topmap-grid]
[housebox-html-demo.vercel.app/topmap-list]
[housebox-html-demo.vercel.app/sidebar-grid]
[housebox-html-demo.vercel.app/sidebar-list]
[housebox-html-demo.vercel.app/property-details-v1]
[housebox-html-demo.vercel.app/property-details-v2]
[housebox-html-demo.vercel.app/property-details-v3]
[housebox-html-demo.vercel.app/property-details-v4]
[housebox-html-demo.vercel.app/dashboard]
[housebox-html-demo.vercel.app/my-property]
[housebox-html-demo.vercel.app/message]
[housebox-html-demo.vercel.app/my-favorites]
[housebox-html-demo.vercel.app/reviews]
[housebox-html-demo.vercel.app/my-profile]
[housebox-html-demo.vercel.app/add-property]
[housebox-html-demo.vercel.app/blog]
[housebox-html-demo.vercel.app/blog-grid]
[housebox-html-demo.vercel.app/blog-detail]
[housebox-html-demo.vercel.app/features.56.delayed]
[housebox-html-demo.vercel.app/assets/img/all-images/hero/hero-img1.png]
[housebox-html-demo.vercel.app/assets/img/all-images/hero/hero-img2.png]
[housebox-html-demo.vercel.app/assets/img/all-images/hero/hero-img3.png]
[housebox-html-demo.vercel.app/assets/img/all-images/about/about-img2.png]
[housebox-html-demo.vercel.app/assets/img/all-images/about/about-img1.png]
[housebox-html-demo.vercel.app/assets/img/all-images/others/author-img1.png]
[housebox-html-demo.vercel.app/assets/img/all-images/bg/bg1.png]
[housebox-html-demo.vercel.app/assets/img/all-images/properties/property-img2.png]
[housebox-html-demo.vercel.app/assets/img/all-images/properties/property-img1.png]
[housebox-html-demo.vercel.app/assets/img/all-images/properties/property-img3.png]
[housebox-html-demo.vercel.app/assets/img/all-images/properties/property-img4.png]
[housebox-html-demo.vercel.app/assets/img/icons/bed1.svg]
[housebox-html-demo.vercel.app/assets/img/all-images/properties/property-img6.png]
[housebox-html-demo.vercel.app/assets/img/all-images/properties/property-img5.png]
[housebox-html-demo.vercel.app/assets/img/all-images/project/project-img1.png]
[housebox-html-demo.vercel.app/assets/img/all-images/project/project-img2.png]
[housebox-html-demo.vercel.app/assets/img/all-images/project/project-img3.png]
[housebox-html-demo.vercel.app/assets/img/all-images/bg/bg2.png]
[housebox-html-demo.vercel.app/assets/img/all-images/property_location/property-img1.png]
[housebox-html-demo.vercel.app/assets/img/all-images/property_location/property-img2.png]
[housebox-html-demo.vercel.app/assets/img/all-images/property_location/property-img3.png]
[housebox-html-demo.vercel.app/assets/img/all-images/property_location/property-img4.png]
[housebox-html-demo.vercel.app/assets/img/all-images/property_location/property-img5.png]
[housebox-html-demo.vercel.app/assets/img/all-images/testimonial/testimonial-img1.png]
[housebox-html-demo.vercel.app/assets/img/all-images/testimonial/testimonial-img1-1.png]
[housebox-html-demo.vercel.app/assets/img/all-images/testimonial/testimonial-img1-2.png]
[housebox-html-demo.vercel.app/assets/img/all-images/testimonial/testimonial-img1-3.png]
[housebox-html-demo.vercel.app/assets/img/all-images/testimonial/testimonial-img2.png]
[housebox-html-demo.vercel.app/assets/img/elements/brand1.png]
[housebox-html-demo.vercel.app/assets/img/all-images/testimonial/testimonial-img3.png]
[housebox-html-demo.vercel.app/assets/img/all-images/testimonial/testimonial-img4.png]
[housebox-html-demo.vercel.app/assets/img/all-images/testimonial/testimonial-img5.png]
[housebox-html-demo.vercel.app/assets/img/all-images/team/team-img1.png]
[housebox-html-demo.vercel.app/assets/img/all-images/team/team-img2.png]
[housebox-html-demo.vercel.app/assets/img/all-images/team/team-img3.png]
[housebox-html-demo.vercel.app/assets/img/all-images/team/team-img4.png]
[housebox-html-demo.vercel.app/assets/img/all-images/bg/cta-bg1.png]
[housebox-html-demo.vercel.app/assets/img/all-images/footer/footer-img1.png]
[housebox-html-demo.vercel.app/assets/img/all-images/footer/footer-img2.png]
[housebox-html-demo.vercel.app/assets/img/all-images/footer/footer-img3.png]
[housebox-html-demo.vercel.app/assets/img/all-images/footer/footer-img4.png]
[housebox-html-demo.vercel.app/assets/img/all-images/footer/footer-img5.png]
[housebox-html-demo.vercel.app/assets/img/all-images/footer/footer-img6.png]
[housebox-html-demo.vercel.app/assets/js/plugins/bootstrap.min.js]
[housebox-html-demo.vercel.app/assets/js/plugins/fontawesome.js]
[housebox-html-demo.vercel.app/assets/js/plugins/aos.js]
[housebox-html-demo.vercel.app/assets/js/plugins/counter.js]
[housebox-html-demo.vercel.app/assets/js/plugins/gsap.min.js]
[housebox-html-demo.vercel.app/assets/js/plugins/ScrollTrigger.min.js]
[housebox-html-demo.vercel.app/assets/js/plugins/Splitetext.js]
[housebox-html-demo.vercel.app/assets/js/plugins/sidebar.js]
[housebox-html-demo.vercel.app/assets/js/plugins/swiper-slider.js]
[housebox-html-demo.vercel.app/assets/js/plugins/magnific-popup.js]
[housebox-html-demo.vercel.app/assets/js/plugins/mobilemenu.js]
[housebox-html-demo.vercel.app/assets/js/plugins/owlcarousel.min.js]
[housebox-html-demo.vercel.app/assets/js/plugins/nice-select.js]
[housebox-html-demo.vercel.app/assets/js/plugins/waypoints.js]
[housebox-html-demo.vercel.app/assets/js/plugins/slick-slider.js]
[housebox-html-demo.vercel.app/assets/js/plugins/circle-progress.js]
[housebox-html-demo.vercel.app/index.html]
[housebox-html-demo.vercel.app/assets/css/plugins/bootstrap.min.css]
[housebox-html-demo.vercel.app/assets/css/plugins/aos.css]
[housebox-html-demo.vercel.app/assets/js/main.js]
[housebox-html-demo.vercel.app/assets/css/fonts/fa-brands-400.woff2]
[housebox-html-demo.vercel.app/assets/css/fonts/fa-brands-400.9a.delayed]
[housebox-html-demo.vercel.app/assets/css/fonts/fa-duotone-900.9b.delayed]
[housebox-html-demo.vercel.app/assets/css/fonts/fa-duotone-900.9c.delayed]
[housebox-html-demo.vercel.app/assets/css/fonts/fa-light-300.9d.delayed]
[housebox-html-demo.vercel.app/assets/css/fonts/fa-light-300.9e.delayed]
[housebox-html-demo.vercel.app/assets/css/fonts/fa-regular-400.woff2]
[housebox-html-demo.vercel.app/assets/css/fonts/fa-regular-400.a0.delayed]
[housebox-html-demo.vercel.app/assets/css/fonts/fa-solid-900.woff2]
[housebox-html-demo.vercel.app/assets/css/fonts/fa-solid-900.a2.delayed]
[housebox-html-demo.vercel.app/assets/css/fonts/fa-thin-100.a3.delayed]
[housebox-html-demo.vercel.app/assets/css/fonts/fa-thin-100.a4.delayed]
[housebox-html-demo.vercel.app/assets/css/fonts/fa-v4compatibility.woff2]
[housebox-html-demo.vercel.app/assets/css/webfofontsnts/fa-v4compatibility.a6.delayed]
[housebox-html-demo.vercel.app/assets/css/plugins/fontawesome.css]
[housebox-html-demo.vercel.app/assets/css/plugins/magnific-popup.css]
[housebox-html-demo.vercel.app/assets/css/plugins/mobile.css]
[housebox-html-demo.vercel.app/assets/css/plugins/owl.video.play.a7.delayed]
[housebox-html-demo.vercel.app/assets/css/plugins/owlcarousel.min.css]
[housebox-html-demo.vercel.app/assets/css/plugins/sidebar.css]
[housebox-html-demo.vercel.app/assets/css/plugins/slick-slider.css]
[housebox-html-demo.vercel.app/assets/css/plugins/nice-select.css]
[housebox-html-demo.vercel.app/assets/css/plugins/swiper-slider.css]
[housebox-html-demo.vercel.app/assets/img/all-images/items/item-img2.png]
[housebox-html-demo.vercel.app/assets/img/all-images/items/item-img3.png]
[housebox-html-demo.vercel.app/assets/img/all-images/items/item-img4.png]
[housebox-html-demo.vercel.app/assets/css/main.css]
[housebox-html-demo.vercel.app/assets/img/logo/fav-logo2.png]
[housebox-html-demo.vercel.app/assets/img/logo/logo2.png]
[housebox-html-demo.vercel.app/assets/img/elements/elements1.png]
[housebox-html-demo.vercel.app/assets/img/elements/elements2.png]
[housebox-html-demo.vercel.app/assets/img/all-images/hero/hero2-img1.png]
[housebox-html-demo.vercel.app/assets/img/all-images/hero/hero2-img2.png]
[housebox-html-demo.vercel.app/assets/img/all-images/hero/hero2-img3.png]
[housebox-html-demo.vercel.app/assets/img/all-images/hero/hero2-img4.png]
[housebox-html-demo.vercel.app/assets/img/all-images/others/others-img1.png]
[housebox-html-demo.vercel.app/assets/img/all-images/others/others-img3.png]
[housebox-html-demo.vercel.app/assets/img/all-images/others/others-img2.png]
[housebox-html-demo.vercel.app/assets/img/all-images/about/about-img3.png]
[housebox-html-demo.vercel.app/assets/img/all-images/about/about-img4.png]
[housebox-html-demo.vercel.app/assets/img/all-images/about/about-img5.png]
[housebox-html-demo.vercel.app/assets/img/all-images/others/author-img2.png]
[housebox-html-demo.vercel.app/assets/img/all-images/properties/property-img11.png]
[housebox-html-demo.vercel.app/assets/img/all-images/properties/property-img12.png]
[housebox-html-demo.vercel.app/assets/img/all-images/properties/property-img7.png]
[housebox-html-demo.vercel.app/assets/img/all-images/properties/property-img13.png]
[housebox-html-demo.vercel.app/assets/img/all-images/properties/property-img14.png]
[housebox-html-demo.vercel.app/assets/img/all-images/properties/property-img15.png]
[housebox-html-demo.vercel.app/assets/img/all-images/properties/property-img8.png]
[housebox-html-demo.vercel.app/assets/img/all-images/properties/property-img9.png]
[housebox-html-demo.vercel.app/assets/img/all-images/properties/property-img10.png]
[housebox-html-demo.vercel.app/assets/img/all-images/property_location/property-img6.png]
[housebox-html-demo.vercel.app/assets/img/all-images/property_location/property-img10.png]
[housebox-html-demo.vercel.app/assets/img/all-images/property_location/property-img7.png]
[housebox-html-demo.vercel.app/assets/img/all-images/property_location/property-img8.png]
[housebox-html-demo.vercel.app/assets/img/all-images/property_location/property-img9.png]
[housebox-html-demo.vercel.app/assets/img/all-images/property_location/property-img11.png]
[housebox-html-demo.vercel.app/assets/img/all-images/items/item-img1.png]
[housebox-html-demo.vercel.app/assets/img/icons/quito2.svg]
[housebox-html-demo.vercel.app/assets/img/elements/elements3.png]
[housebox-html-demo.vercel.app/team.d3.delayed]
[housebox-html-demo.vercel.app/assets/img/elements/elements4.png]
[housebox-html-demo.vercel.app/assets/img/all-images/testimonial/testimonial-img6.png]
[housebox-html-demo.vercel.app/assets/img/all-images/testimonial/testimonial-img7.png]
[housebox-html-demo.vercel.app/assets/img/all-images/blog/blog-img1.png]
[housebox-html-demo.vercel.app/assets/img/all-images/blog/blog-img2.png]
[housebox-html-demo.vercel.app/assets/img/all-images/blog/blog-img3.png]
[housebox-html-demo.vercel.app/assets/img/all-images/bg/cta-bg2.png]
[housebox-html-demo.vercel.app/listing.dd.delayed]
[housebox-html-demo.vercel.app/properties.df.delayed]
[housebox-html-demo.vercel.app/assets/js/plugins/chart.js]
[housebox-html-demo.vercel.app/index2]
[housebox-html-demo.vercel.app/assets/js/plugins/chart-init.js]
[housebox-html-demo.vercel.app/assets/img/logo/fav-logo3.png]
[housebox-html-demo.vercel.app/assets/img/logo/logo3.png]
[housebox-html-demo.vercel.app/assets/img/all-images/bg/hero-bg3.png]
[housebox-html-demo.vercel.app/assets/img/all-images/hero/hero3-img1.png]
[housebox-html-demo.vercel.app/assets/img/elements/bottom-img2.png]
[housebox-html-demo.vercel.app/assets/img/elements/bottom-img1.png]
[housebox-html-demo.vercel.app/assets/img/all-images/others/others-img4.png]
[housebox-html-demo.vercel.app/assets/img/all-images/others/others-img5.png]
[housebox-html-demo.vercel.app/assets/img/all-images/about/about-img6.png]
[housebox-html-demo.vercel.app/assets/img/all-images/bg/bg3.png]
[housebox-html-demo.vercel.app/assets/img/all-images/properties/property-img16.png]
[housebox-html-demo.vercel.app/assets/img/all-images/properties/property-img17.png]
[housebox-html-demo.vercel.app/assets/img/all-images/properties/property-img18.png]
[housebox-html-demo.vercel.app/assets/img/all-images/work/work-img1.png]
[housebox-html-demo.vercel.app/assets/img/all-images/work/work-img2.png]
[housebox-html-demo.vercel.app/assets/img/all-images/work/work-img3.png]
[housebox-html-demo.vercel.app/assets/img/all-images/work/work-img4.png]
[housebox-html-demo.vercel.app/assets/img/all-images/property_location/property-img12.png]
[housebox-html-demo.vercel.app/assets/img/all-images/property_location/property-img13.png]
[housebox-html-demo.vercel.app/assets/img/all-images/property_location/property-img14.png]
[housebox-html-demo.vercel.app/assets/img/all-images/property_location/property-img15.png]
[housebox-html-demo.vercel.app/assets/img/all-images/property_location/property-img16.png]
[housebox-html-demo.vercel.app/assets/img/all-images/testimonial/testimonial-img8.png]
[housebox-html-demo.vercel.app/assets/img/elements/elements6.png]
[housebox-html-demo.vercel.app/assets/img/all-images/team/team-img5.png]
[housebox-html-demo.vercel.app/assets/img/all-images/team/team-img6.png]
[housebox-html-demo.vercel.app/assets/img/all-images/team/team-img7.png]
[housebox-html-demo.vercel.app/assets/img/all-images/team/team-img8.png]
[housebox-html-demo.vercel.app/assets/img/all-images/bg/bg4.png]
[housebox-html-demo.vercel.app/assets/img/all-images/cta/cta-img1.png]
[housebox-html-demo.vercel.app/assets/img/elements/elements5.png]
[housebox-html-demo.vercel.app/assets/img/logo/logo4.png]
[housebox-html-demo.vercel.app/index3]
[housebox-html-demo.vercel.app/assets/img/logo/fav-logo4.png]
[housebox-html-demo.vercel.app/assets/img/logo/logo5.png]
[housebox-html-demo.vercel.app/assets/img/all-images/hero/hero4-img1.png]
[housebox-html-demo.vercel.app/assets/img/all-images/others/others-img7.png]
[housebox-html-demo.vercel.app/assets/img/all-images/others/others-img8.png]
[housebox-html-demo.vercel.app/assets/img/all-images/others/others-img9.png]
[housebox-html-demo.vercel.app/assets/img/all-images/others/others-img10.png]
[housebox-html-demo.vercel.app/assets/img/all-images/others/others-img11.png]
[housebox-html-demo.vercel.app/assets/img/all-images/others/others-img12.png]
[housebox-html-demo.vercel.app/assets/img/all-images/about/about-img7.png]
[housebox-html-demo.vercel.app/assets/img/all-images/about/about-img8.png]
[housebox-html-demo.vercel.app/assets/img/elements/elements10.png]
[housebox-html-demo.vercel.app/about.11c.delayed]
[housebox-html-demo.vercel.app/assets/img/icons/arrow1.svg]
[housebox-html-demo.vercel.app/assets/img/all-images/bg/bg5.png]
[housebox-html-demo.vercel.app/assets/img/all-images/properties/property-img19.png]
[housebox-html-demo.vercel.app/assets/img/all-images/properties/property-img20.png]
[housebox-html-demo.vercel.app/assets/img/all-images/properties/property-img21.png]
[housebox-html-demo.vercel.app/assets/img/all-images/properties/property-img22.png]
[housebox-html-demo.vercel.app/assets/img/all-images/properties/property-img23.png]
[housebox-html-demo.vercel.app/assets/img/all-images/properties/property-img24.png]
[housebox-html-demo.vercel.app/assets/img/all-images/gallery/gallery-img1.png]
[housebox-html-demo.vercel.app/assets/img/all-images/gallery/gallery-img2.png]
[housebox-html-demo.vercel.app/assets/img/all-images/gallery/gallery-img3.png]
[housebox-html-demo.vercel.app/assets/img/all-images/gallery/gallery-img4.png]
[housebox-html-demo.vercel.app/assets/img/all-images/gallery/gallery-img5.png]
[housebox-html-demo.vercel.app/assets/img/all-images/bg/bg6.png]
[housebox-html-demo.vercel.app/assets/img/all-images/items/item-img5.png]
[housebox-html-demo.vercel.app/assets/img/all-images/bg/map-bg.png]
[housebox-html-demo.vercel.app/assets/img/all-images/testimonial/testimonial-img9.png]
[housebox-html-demo.vercel.app/assets/img/all-images/testimonial/testimonial-img10.png]
[housebox-html-demo.vercel.app/assets/img/all-images/testimonial/testimonial-img11.png]
[housebox-html-demo.vercel.app/assets/img/all-images/testimonial/testimonial-img12.png]
[housebox-html-demo.vercel.app/assets/img/all-images/testimonial/testimonial-img13.png]
[housebox-html-demo.vercel.app/assets/img/all-images/testimonial/testimonial-img14.png]
[housebox-html-demo.vercel.app/assets/img/all-images/team/team-img9.png]
[housebox-html-demo.vercel.app/assets/img/all-images/team/team-img10.png]
[housebox-html-demo.vercel.app/assets/img/all-images/team/team-img11.png]
[housebox-html-demo.vercel.app/assets/img/all-images/team/team-img12.png]
[housebox-html-demo.vercel.app/assets/img/all-images/others/others-img6.png]
[housebox-html-demo.vercel.app/assets/img/elements/elements7.png]
[housebox-html-demo.vercel.app/assets/img/elements/elements8.png]
[housebox-html-demo.vercel.app/assets/img/elements/elements9.png]
[housebox-html-demo.vercel.app/index4]
[housebox-html-demo.vercel.app/assets/img/all-images/properties/property-img47.png]
[housebox-html-demo.vercel.app/assets/img/all-images/about/about-img9.png]
[housebox-html-demo.vercel.app/about-us]
[housebox-html-demo.vercel.app/our-service]
[housebox-html-demo.vercel.app/pricing]
[housebox-html-demo.vercel.app/contact]
[housebox-html-demo.vercel.app/faq]
[housebox-html-demo.vercel.app/assets/img/all-images/blog/blog-img17.png]
[housebox-html-demo.vercel.app/privacy-policy]
[housebox-html-demo.vercel.app/loan-caculator]
[housebox-html-demo.vercel.app/property-halfmap-grid]
[housebox-html-demo.vercel.app/property-halfmap-list]
[housebox-html-demo.vercel.app/topmap-grid]
[housebox-html-demo.vercel.app/topmap-list]
[housebox-html-demo.vercel.app/assets/img/all-images/properties/property-img25.png]
[housebox-html-demo.vercel.app/assets/img/all-images/properties/property-img26.png]
[housebox-html-demo.vercel.app/assets/img/all-images/properties/property-img27.png]
[housebox-html-demo.vercel.app/assets/img/all-images/properties/property-img28.png]
[housebox-html-demo.vercel.app/sidebar-grid]
[housebox-html-demo.vercel.app/sidebar-list]
[housebox-html-demo.vercel.app/assets/img/all-images/properties/property-img29.png]
[housebox-html-demo.vercel.app/assets/img/all-images/properties/property-img30.png]
[housebox-html-demo.vercel.app/assets/img/all-images/properties/property-img31.png]
[housebox-html-demo.vercel.app/assets/img/all-images/properties/property-img32.png]
[housebox-html-demo.vercel.app/assets/img/all-images/properties/property-img33.png]
[housebox-html-demo.vercel.app/assets/img/icons/pdf1.svg]
[housebox-html-demo.vercel.app/assets/img/icons/pdf2.svg]
[housebox-html-demo.vercel.app/assets/img/all-images/properties/property-img34.png]
[housebox-html-demo.vercel.app/assets/img/icons/rotate.svg]
[housebox-html-demo.vercel.app/assets/img/all-images/others/map-img1.png]
[housebox-html-demo.vercel.app/assets/img/all-images/blog/blog-img18.png]
[housebox-html-demo.vercel.app/property-details-v1]
[housebox-html-demo.vercel.app/property-details-v2]
[housebox-html-demo.vercel.app/assets/img/all-images/properties/property-img35.png]
[housebox-html-demo.vercel.app/assets/img/all-images/properties/property-img36.png]
[housebox-html-demo.vercel.app/assets/img/all-images/properties/property-img37.png]
[housebox-html-demo.vercel.app/assets/img/all-images/properties/property-img38.png]
[housebox-html-demo.vercel.app/property-details-v3]
[housebox-html-demo.vercel.app/assets/img/all-images/properties/property-img39.png]
[housebox-html-demo.vercel.app/assets/img/all-images/properties/property-img40.png]
[housebox-html-demo.vercel.app/assets/img/all-images/properties/property-img41.png]
[housebox-html-demo.vercel.app/assets/img/all-images/properties/property-img42.png]
[housebox-html-demo.vercel.app/assets/img/all-images/properties/property-img43.png]
[housebox-html-demo.vercel.app/assets/img/all-images/properties/property-img44.png]
[housebox-html-demo.vercel.app/assets/img/all-images/properties/property-img45.png]
[housebox-html-demo.vercel.app/assets/img/all-images/properties/property-img46.png]
[housebox-html-demo.vercel.app/property-details-v4]
[housebox-html-demo.vercel.app/assets/img/all-images/others/dash-img1.png]
[housebox-html-demo.vercel.app/assets/img/all-images/others/dash-img2.png]
[housebox-html-demo.vercel.app/assets/img/all-images/others/dash-img3.png]
[housebox-html-demo.vercel.app/assets/img/all-images/others/dash-img4.png]
[housebox-html-demo.vercel.app/assets/img/all-images/others/dash-img5.png]
[housebox-html-demo.vercel.app/assets/img/all-images/others/dash-img6.png]
[housebox-html-demo.vercel.app/assets/img/all-images/others/dash-img7.png]
[housebox-html-demo.vercel.app/assets/img/all-images/others/dash-img8.png]
[housebox-html-demo.vercel.app/assets/img/all-images/others/dash-img9.png]
[housebox-html-demo.vercel.app/assets/img/all-images/others/dash-img10.png]
[housebox-html-demo.vercel.app/dashboard]
[housebox-html-demo.vercel.app/my-property]
[housebox-html-demo.vercel.app/message]
[housebox-html-demo.vercel.app/my-favorites]
[housebox-html-demo.vercel.app/reviews]
[housebox-html-demo.vercel.app/assets/img/all-images/others/profile1.png]
[housebox-html-demo.vercel.app/assets/img/all-images/others/profile2.png]
[housebox-html-demo.vercel.app/my-profile]
[housebox-html-demo.vercel.app/assets/img/all-images/others/add-img1.png]
[housebox-html-demo.vercel.app/assets/img/all-images/others/add-img2.png]
[housebox-html-demo.vercel.app/assets/img/all-images/others/add-img3.png]
[housebox-html-demo.vercel.app/assets/img/all-images/others/add-img4.png]
[housebox-html-demo.vercel.app/add-property]
[housebox-html-demo.vercel.app/assets/img/all-images/blog/blog-img4.png]
[housebox-html-demo.vercel.app/assets/img/all-images/blog/blog-img5.png]
[housebox-html-demo.vercel.app/assets/img/all-images/blog/blog-img6.png]
[housebox-html-demo.vercel.app/assets/img/all-images/blog/blog-img7.png]
[housebox-html-demo.vercel.app/assets/img/all-images/blog/blog-img8.png]
[housebox-html-demo.vercel.app/assets/img/all-images/blog/blog-img9.png]
[housebox-html-demo.vercel.app/assets/img/all-images/blog/blog-img10.png]
[housebox-html-demo.vercel.app/blog]
[housebox-html-demo.vercel.app/assets/img/all-images/blog/blog-img12.png]
[housebox-html-demo.vercel.app/assets/img/all-images/blog/blog-img13.png]
[housebox-html-demo.vercel.app/assets/img/all-images/blog/blog-img14.png]
[housebox-html-demo.vercel.app/assets/img/all-images/blog/blog-img15.png]
[housebox-html-demo.vercel.app/assets/img/all-images/blog/blog-img16.png]
[housebox-html-demo.vercel.app/assets/img/all-images/blog/blog-img19.png]
[housebox-html-demo.vercel.app/blog-grid]
[housebox-html-demo.vercel.app/assets/img/all-images/blog/blog-img20.png]
[housebox-html-demo.vercel.app/assets/img/all-images/blog/blog-img21.png]
[housebox-html-demo.vercel.app/blog-detail]
[housebox-html-demo.vercel.app/features.html]
[housebox-html-demo.vercel.app/assets/img/icons/bed1.svg]
[housebox-html-demo.vercel.app/assets/img/icons/bath1.svg]
[housebox-html-demo.vercel.app/assets/img/icons/sqare1.svg]
[housebox-html-demo.vercel.app/assets/img/icons/heart1.svg]
[housebox-html-demo.vercel.app/assets/img/icons/heart2.svg]
[housebox-html-demo.vercel.app/assets/img/icons/quoto-icon1.svg]
[housebox-html-demo.vercel.app/assets/css/fonts/fa-brands-400.html]
[housebox-html-demo.vercel.app/assets/css/fonts/fa-duotone-900.html]
[housebox-html-demo.vercel.app/assets/css/fonts/fa-duotone-901.html]
[housebox-html-demo.vercel.app/assets/css/fonts/fa-light-300.html]
[housebox-html-demo.vercel.app/assets/css/fonts/fa-light-301.html]
[housebox-html-demo.vercel.app/assets/css/fonts/fa-regular-400.html]
[housebox-html-demo.vercel.app/assets/css/fonts/fa-solid-900.html]
[housebox-html-demo.vercel.app/assets/css/fonts/fa-thin-100.html]
[housebox-html-demo.vercel.app/assets/css/fonts/fa-thin-101.html]
[housebox-html-demo.vercel.app/assets/css/webfofontsnts/fa-v4compatibility.html]
[housebox-html-demo.vercel.app/assets/css/plugins/owl.video.play.html]
[housebox-html-demo.vercel.app/assets/img/icons/quito2.svg]
[housebox-html-demo.vercel.app/team.html]
[housebox-html-demo.vercel.app/listing.html]
[housebox-html-demo.vercel.app/properties.html]
[housebox-html-demo.vercel.app/assets/img/icons/heart3.svg]
[housebox-html-demo.vercel.app/assets/img/icons/heart4.svg]
[housebox-html-demo.vercel.app/about.html]
[housebox-html-demo.vercel.app/assets/img/icons/arrow1.svg]
[housebox-html-demo.vercel.app/assets/img/icons/heart5.svg]
[housebox-html-demo.vercel.app/assets/img/icons/pdf1.svg]
[housebox-html-demo.vercel.app/assets/img/icons/pdf2.svg]
[housebox-html-demo.vercel.app/assets/img/icons/rotate.svg]
[housebox-html-demo.vercel.app/assets/img/icons/check1.svg]
